Microchip MPLAB XC8 Compiler V2.50

Linker command line:

-W-3 \
  --edf=C:\Program Files\Microchip\xc8\v2.50\pic\dat\20240725155939_en.msgs \
  -cn -h+dist/default/debug\TempSensorHub.X.debug.sym \
  --cmf=dist/default/debug\TempSensorHub.X.debug.cmf -z -Q16F15376 \
  -oC:\Users\home1\AppData\Local\Temp\xcAs80g.\driver_tmp_3.o \
  --defsym=__MPLAB_BUILD=1 --fixupoverflow=error \
  -Mdist/default/debug/TempSensorHub.X.debug.map \
  --md=C:\Users\home1\AppData\Local\Temp\xcAs80g.\driver_tmp_0.dat -E1 \
  -ver=XC8 Compiler --acfsm=1493 -ACODE=00h-07FFhx8 -ASTRCODE=00h-03FFFh \
  -ASTRING=00h-0FFhx64 -ACONST=00h-0FFhx64 -AENTRY=00h-0FFhx64 \
  -ACOMMON=070h-07Fh -ABANK0=020h-06Fh -ABANK1=0A0h-0EFh \
  -ABANK2=0120h-016Fh -ABANK3=01A0h-01EFh -ABANK4=0220h-026Fh \
  -ABANK5=02A0h-02EFh -ABANK6=0320h-036Fh -ABANK7=03A0h-03EFh \
  -ABANK8=0420h-046Fh -ABANK9=04A0h-04EFh -ABANK10=0520h-056Fh \
  -ABANK11=05A0h-05EFh -ABANK12=0620h-066Fh -ABANK13=06A0h-06EFh \
  -ABANK14=0720h-076Fh -ABANK15=07A0h-07EFh -ABANK16=0820h-086Fh \
  -ABANK17=08A0h-08EFh -ABANK18=0920h-096Fh -ABANK19=09A0h-09EFh \
  -ABANK20=0A20h-0A6Fh -ABANK21=0AA0h-0AEFh -ABANK22=0B20h-0B6Fh \
  -ABANK23=0BA0h-0BEFh -ABANK24=0C20h-0C6Fh -ABANK25=0CA0h-0CBFh \
  -ABIGRAM=02000h-027EFh \
  -ARAM=020h-06Fh,0A0h-0EFh,0120h-016Fh,01A0h-01EFh,0220h-026Fh,02A0h-02EFh,0320h-036Fh,03A0h-03EFh,0420h-046Fh,04A0h-04EFh,0520h-056Fh,05A0h-05EFh,0620h-066Fh,06A0h-06EFh,0720h-076Fh,07A0h-07EFh,0820h-086Fh,08A0h-08EFh,0920h-096Fh,09A0h-09EFh,0A20h-0A6Fh,0AA0h-0AEFh,0B20h-0B6Fh,0BA0h-0BEFh,0C20h-0C6Fh,0CA0h-0CBFh \
  -AABS1=020h-07Fh,0A0h-0EFh,0120h-016Fh,01A0h-01EFh,0220h-026Fh,02A0h-02EFh,0320h-036Fh,03A0h-03EFh,0420h-046Fh,04A0h-04EFh,0520h-056Fh,05A0h-05EFh,0620h-066Fh,06A0h-06EFh,0720h-076Fh,07A0h-07EFh,0820h-086Fh,08A0h-08EFh,0920h-096Fh,09A0h-09EFh,0A20h-0A6Fh,0AA0h-0AEFh,0B20h-0B6Fh,0BA0h-0BEFh,0C20h-0C6Fh,0CA0h-0CBFh \
  -ASFR0=00h-01Fh -ASFR1=080h-09Fh -ASFR2=0100h-011Fh -ASFR3=0180h-019Fh \
  -ASFR4=0200h-021Fh -ASFR5=0280h-029Fh -ASFR6=0300h-031Fh \
  -ASFR7=0380h-039Fh -ASFR8=0400h-041Fh -ASFR9=0480h-049Fh \
  -ASFR10=0500h-051Fh -ASFR11=0580h-059Fh -ASFR12=0600h-061Fh \
  -ASFR13=0680h-069Fh -ASFR14=0700h-071Fh -ASFR15=0780h-079Fh \
  -ASFR16=0800h-081Fh -ASFR17=0880h-089Fh -ASFR18=0900h-091Fh \
  -ASFR19=0980h-099Fh -ASFR20=0A00h-0A1Fh -ASFR21=0A80h-0A9Fh \
  -ASFR22=0B00h-0B1Fh -ASFR23=0B80h-0B9Fh -ASFR24=0C00h-0C1Fh \
  -ASFR25=0C80h-0C9Fh -ASFR26=0D00h-0D6Fh -ASFR27=0D80h-0DEFh \
  -ASFR28=0E00h-0E6Fh -ASFR29=0E80h-0EEFh -ASFR30=0F00h-0F6Fh \
  -ASFR31=0F80h-0FEFh -ASFR32=01000h-0106Fh -ASFR33=01080h-010EFh \
  -ASFR34=01100h-0116Fh -ASFR35=01180h-011EFh -ASFR36=01200h-0126Fh \
  -ASFR37=01280h-012EFh -ASFR38=01300h-0136Fh -ASFR39=01380h-013EFh \
  -ASFR40=01400h-0146Fh -ASFR41=01480h-014EFh -ASFR42=01500h-0156Fh \
  -ASFR43=01580h-015EFh -ASFR44=01600h-0166Fh -ASFR45=01680h-016EFh \
  -ASFR46=01700h-0176Fh -ASFR47=01780h-017EFh -ASFR48=01800h-0186Fh \
  -ASFR49=01880h-018EFh -ASFR50=01900h-0196Fh -ASFR51=01980h-019EFh \
  -ASFR52=01A00h-01A6Fh -ASFR53=01A80h-01AEFh -ASFR54=01B00h-01B6Fh \
  -ASFR55=01B80h-01BEFh -ASFR56=01C00h-01C6Fh -ASFR57=01C80h-01CEFh \
  -ASFR58=01D00h-01D6Fh -ASFR59=01D80h-01DEFh -ASFR60=01E00h-01E6Fh \
  -ASFR61=01E80h-01EEFh -ASFR62=01F00h-01F6Fh -ASFR63=01F80h-01FEFh \
  -ACONFIG=08007h-0800Bh -DCONFIG=2 -AIDLOC=08000h-08003h -DIDLOC=2 \
  -DCODE=2 -DSTRCODE=2 -DSTRING=2 -DCONST=2 -DENTRY=2 \
  -preset_vec=00h,intentry,sivt,init,end_init -ppowerup=CODE -pcinit=CODE \
  -pfunctab=ENTRY -k \
  C:\Users\home1\AppData\Local\Temp\xcAs80g.\driver_tmp_17.o \
  dist/default/debug\TempSensorHub.X.debug.o 

Object code version is 3.11

Machine type is 16F15376



                Name                               Link     Load   Length Selector   Space Scale
C:\Users\home1\AppData\Local\Temp\xcAs80g.\driver_tmp_17.o
                end_init                              2        2        2        0       0
                reset_vec                             0        0        2        0       0
                config                             8007     8007        5        0       4
dist/default/debug\TempSensorHub.X.debug.o
                cinit                               7ED      7ED       13      FDA       0
                config                             8007     8007        5        0       4
                text43                              17A      17A        3      2F4       0
                text42                              17D      17D        3      2FA       0
                text41                              2D0      2D0       1F      5A0       0
                text40                              516      516       6C      A2C       0
                text39                              30F      30F       26      61E       0
                text38                              426      426       3A      84C       0
                text37                              3BB      3BB       32      776       0
                text36                              211      211        F      422       0
                text35                              4BA      4BA       5C      974       0
                text34                              63D      63D      1B0      C7A       0
                text33                              2EF      2EF       20      5DE       0
                text32                              25C      25C       10      4B8       0
                text31                              35F      35F       2C      6BE       0
                text30                              1B3      1B3        A      366       0
                text29                              1C7      1C7        C      38E       0
                text28                              1D3      1D3        C      3A6       0
                text27                              296      296       1D      52C       0
                text26                              1DF      1DF        C      3BE       0
                text25                              1EB      1EB        C      3D6       0
                text24                              2B3      2B3       1D      566       0
                text23                              195      195        6      32A       0
                text22                              1BD      1BD        A      37A       0
                text21                              460      460       5A      8C0       0
                text20                              1A1      1A1        9      342       0
                text19                              26C      26C       13      4D8       0
                text18                              220      220        F      440       0
                text17                              27F      27F       17      4FE       0
                text16                              190      190        5      320       0
                text15                              178      178        1      2F0       0
                text14                              179      179        1      2F2       0
                text13                              180      180        4      300       0
                text12                              184      184        4      308       0
                text11                              335      335       2A      66A       0
                text10                              1F7      1F7        C      3EE       0
                text9                               22F      22F        F      45E       0
                text8                               23E      23E        F      47C       0
                text7                               188      188        4      310       0
                text6                               18C      18C        4      318       0
                text5                               24D      24D        F      49A       0
                text4                               203      203        E      406       0
                text3                               3ED      3ED       39      7DA       0
                text2                               1AA      1AA        9      354       0
                text1                               38B      38B       30      716       0
                maintext                            582      582       BB      B04       0
                cstackBANK0                          20       20       38       20       1
                cstackCOMMON                         70       70        E       70       1
                clrtext                             19B      19B        6      336       0
                bssBANK1                             A0       A0       20       A0       1
                bssBANK0                             58       58       13       20       1
                stringtext13                        918      918        7     1000       0
                stringtext12                        90D      90D        B     1000       0
                stringtext11                        8FF      8FF        E     1000       0
                stringtext10                        8F0      8F0        F     1000       0
                stringtext9                         8E1      8E1        F     1000       0
                stringtext8                         8D0      8D0       11     1000       0
                stringtext7                         8BF      8BF       11     1000       0
                stringtext6                         8AD      8AD       12     1000       0
                stringtext5                         89A      89A       13     1000       0
                stringtext4                         860      860       1E     1000       0
                stringtext3                         87E      87E       1C     1000       0
                stringtext2                         830      830       30     1000       0
                stringtext1                         800      800       30     1000       0

TOTAL           Name                               Link     Load   Length     Space
        CLASS   CODE           
                end_init                              2        2        2         0
                cinit                               7ED      7ED       13         0
                reset_vec                             0        0        2         0
                text43                              17A      17A        3         0
                text42                              17D      17D        3         0
                text41                              2D0      2D0       1F         0
                text40                              516      516       6C         0
                text39                              30F      30F       26         0
                text38                              426      426       3A         0
                text37                              3BB      3BB       32         0
                text36                              211      211        F         0
                text35                              4BA      4BA       5C         0
                text34                              63D      63D      1B0         0
                text33                              2EF      2EF       20         0
                text32                              25C      25C       10         0
                text31                              35F      35F       2C         0
                text30                              1B3      1B3        A         0
                text29                              1C7      1C7        C         0
                text28                              1D3      1D3        C         0
                text27                              296      296       1D         0
                text26                              1DF      1DF        C         0
                text25                              1EB      1EB        C         0
                text24                              2B3      2B3       1D         0
                text23                              195      195        6         0
                text22                              1BD      1BD        A         0
                text21                              460      460       5A         0
                text20                              1A1      1A1        9         0
                text19                              26C      26C       13         0
                text18                              220      220        F         0
                text17                              27F      27F       17         0
                text16                              190      190        5         0
                text15                              178      178        1         0
                text14                              179      179        1         0
                text13                              180      180        4         0
                text12                              184      184        4         0
                text11                              335      335       2A         0
                text10                              1F7      1F7        C         0
                text9                               22F      22F        F         0
                text8                               23E      23E        F         0
                text7                               188      188        4         0
                text6                               18C      18C        4         0
                text5                               24D      24D        F         0
                text4                               203      203        E         0
                text3                               3ED      3ED       39         0
                text2                               1AA      1AA        9         0
                text1                               38B      38B       30         0
                maintext                            582      582       BB         0
                clrtext                             19B      19B        6         0

        CLASS   STRCODE        
                stringtext13                        918      918        7         0
                stringtext12                        90D      90D        B         0
                stringtext11                        8FF      8FF        E         0
                stringtext10                        8F0      8F0        F         0
                stringtext9                         8E1      8E1        F         0
                stringtext8                         8D0      8D0       11         0
                stringtext7                         8BF      8BF       11         0
                stringtext6                         8AD      8AD       12         0
                stringtext5                         89A      89A       13         0
                stringtext4                         860      860       1E         0
                stringtext3                         87E      87E       1C         0
                stringtext2                         830      830       30         0
                stringtext1                         800      800       30         0

        CLASS   STRING         

        CLASS   CONST          

        CLASS   ENTRY          

        CLASS   COMMON         
                cstackCOMMON                         70       70        E         1

        CLASS   BANK0          
                cstackBANK0                          20       20       38         1
                bssBANK0                             58       58       13         1

        CLASS   BANK1          
                bssBANK1                             A0       A0       20         1

        CLASS   BANK2          

        CLASS   BANK3          

        CLASS   BANK4          

        CLASS   BANK5          

        CLASS   BANK6          

        CLASS   BANK7          

        CLASS   BANK8          

        CLASS   BANK9          

        CLASS   BANK10         

        CLASS   BANK11         

        CLASS   BANK12         

        CLASS   BANK13         

        CLASS   BANK14         

        CLASS   BANK15         

        CLASS   BANK16         

        CLASS   BANK17         

        CLASS   BANK18         

        CLASS   BANK19         

        CLASS   BANK20         

        CLASS   BANK21         

        CLASS   BANK22         

        CLASS   BANK23         

        CLASS   BANK24         

        CLASS   BANK25         

        CLASS   BIGRAM         

        CLASS   RAM            

        CLASS   ABS1           
                abs_s1                               7E       7E        2         1

        CLASS   SFR0           

        CLASS   SFR1           

        CLASS   SFR2           

        CLASS   SFR3           

        CLASS   SFR4           

        CLASS   SFR5           

        CLASS   SFR6           

        CLASS   SFR7           

        CLASS   SFR8           

        CLASS   SFR9           

        CLASS   SFR10          

        CLASS   SFR11          

        CLASS   SFR12          

        CLASS   SFR13          

        CLASS   SFR14          

        CLASS   SFR15          

        CLASS   SFR16          

        CLASS   SFR17          

        CLASS   SFR18          

        CLASS   SFR19          

        CLASS   SFR20          

        CLASS   SFR21          

        CLASS   SFR22          

        CLASS   SFR23          

        CLASS   SFR24          

        CLASS   SFR25          

        CLASS   SFR26          

        CLASS   SFR27          

        CLASS   SFR28          

        CLASS   SFR29          

        CLASS   SFR30          

        CLASS   SFR31          

        CLASS   SFR32          

        CLASS   SFR33          

        CLASS   SFR34          

        CLASS   SFR35          

        CLASS   SFR36          

        CLASS   SFR37          

        CLASS   SFR38          

        CLASS   SFR39          

        CLASS   SFR40          

        CLASS   SFR41          

        CLASS   SFR42          

        CLASS   SFR43          

        CLASS   SFR44          

        CLASS   SFR45          

        CLASS   SFR46          

        CLASS   SFR47          

        CLASS   SFR48          

        CLASS   SFR49          

        CLASS   SFR50          

        CLASS   SFR51          

        CLASS   SFR52          

        CLASS   SFR53          

        CLASS   SFR54          

        CLASS   SFR55          

        CLASS   SFR56          

        CLASS   SFR57          

        CLASS   SFR58          

        CLASS   SFR59          

        CLASS   SFR60          

        CLASS   SFR61          

        CLASS   SFR62          

        CLASS   SFR63          

        CLASS   CONFIG         
                config                             8007     8007        5         4

        CLASS   IDLOC          

        CLASS   BANK63         

        CLASS   BANK62         

        CLASS   BANK61         

        CLASS   BANK60         

        CLASS   BANK59         

        CLASS   BANK58         

        CLASS   BANK57         

        CLASS   BANK56         

        CLASS   BANK55         

        CLASS   BANK54         

        CLASS   BANK53         

        CLASS   BANK52         

        CLASS   BANK51         

        CLASS   BANK50         

        CLASS   BANK49         

        CLASS   BANK48         

        CLASS   BANK47         

        CLASS   BANK46         

        CLASS   BANK45         

        CLASS   BANK44         

        CLASS   BANK43         

        CLASS   BANK42         

        CLASS   BANK41         

        CLASS   BANK40         

        CLASS   BANK39         

        CLASS   BANK38         

        CLASS   BANK37         

        CLASS   BANK36         

        CLASS   BANK35         

        CLASS   BANK34         

        CLASS   BANK33         

        CLASS   BANK32         

        CLASS   BANK31         

        CLASS   BANK30         

        CLASS   BANK29         

        CLASS   BANK28         

        CLASS   BANK27         

        CLASS   BANK26         

        CLASS   HEAP           

        CLASS   STACK          

        CLASS   EEDATA         



SEGMENTS        Name                           Load    Length   Top    Selector   Space  Class     Delta

                reset_vec                      000000  000004  000004         0       0  CODE        2
                cstackBANK0                    000020  00004B  00006B        20       1  BANK0       1
                cstackCOMMON                   000070  00000E  00007E        70       1  COMMON      1
                bssBANK1                       0000A0  000020  0000C0        A0       1  BANK1       1
                text15                         000178  000001  000179       2F0       0  CODE        2
                text14                         000179  000001  00017A       2F2       0  CODE        2
                text43                         00017A  000003  00017D       2F4       0  CODE        2
                text42                         00017D  000003  000180       2FA       0  CODE        2
                text13                         000180  000004  000184       300       0  CODE        2
                text12                         000184  000004  000188       308       0  CODE        2
                text7                          000188  000004  00018C       310       0  CODE        2
                text6                          00018C  000004  000190       318       0  CODE        2
                text16                         000190  000005  000195       320       0  CODE        2
                text23                         000195  000006  00019B       32A       0  CODE        2
                clrtext                        00019B  000006  0001A1       336       0  CODE        2
                text20                         0001A1  000009  0001AA       342       0  CODE        2
                text2                          0001AA  000009  0001B3       354       0  CODE        2
                text30                         0001B3  00000A  0001BD       366       0  CODE        2
                text22                         0001BD  00000A  0001C7       37A       0  CODE        2
                text29                         0001C7  00000C  0001D3       38E       0  CODE        2
                text28                         0001D3  00000C  0001DF       3A6       0  CODE        2
                text26                         0001DF  00000C  0001EB       3BE       0  CODE        2
                text25                         0001EB  00000C  0001F7       3D6       0  CODE        2
                text10                         0001F7  00000C  000203       3EE       0  CODE        2
                text4                          000203  00000E  000211       406       0  CODE        2
                text36                         000211  00000F  000220       422       0  CODE        2
                text18                         000220  00000F  00022F       440       0  CODE        2
                text9                          00022F  00000F  00023E       45E       0  CODE        2
                text8                          00023E  00000F  00024D       47C       0  CODE        2
                text5                          00024D  00000F  00025C       49A       0  CODE        2
                text32                         00025C  000010  00026C       4B8       0  CODE        2
                text19                         00026C  000013  00027F       4D8       0  CODE        2
                text17                         00027F  000017  000296       4FE       0  CODE        2
                text27                         000296  00001D  0002B3       52C       0  CODE        2
                text24                         0002B3  00001D  0002D0       566       0  CODE        2
                text41                         0002D0  00001F  0002EF       5A0       0  CODE        2
                text33                         0002EF  000020  00030F       5DE       0  CODE        2
                text39                         00030F  000026  000335       61E       0  CODE        2
                text11                         000335  00002A  00035F       66A       0  CODE        2
                text31                         00035F  00002C  00038B       6BE       0  CODE        2
                text1                          00038B  000030  0003BB       716       0  CODE        2
                text37                         0003BB  000032  0003ED       776       0  CODE        2
                text3                          0003ED  000039  000426       7DA       0  CODE        2
                text38                         000426  00003A  000460       84C       0  CODE        2
                text21                         000460  00005A  0004BA       8C0       0  CODE        2
                text35                         0004BA  00005C  000516       974       0  CODE        2
                text40                         000516  00006C  000582       A2C       0  CODE        2
                maintext                       000582  0000BB  00063D       B04       0  CODE        2
                text34                         00063D  0001B0  0007ED       C7A       0  CODE        2
                cinit                          0007ED  000013  000800       FDA       0  CODE        2
                stringtext1                    000800  00011F  00091F      1000       0  STRCODE     2


UNUSED ADDRESS RANGES

        Name                Unused          Largest block    Delta
        BANK0            0006B-0006F               5           1
        BANK1            000C0-000EF              30           1
        BANK10           00520-0056F              50           1
        BANK11           005A0-005EF              50           1
        BANK12           00620-0066F              50           1
        BANK13           006A0-006EF              50           1
        BANK14           00720-0076F              50           1
        BANK15           007A0-007EF              50           1
        BANK16           00820-0086F              50           1
        BANK17           008A0-008EF              50           1
        BANK18           00920-0096F              50           1
        BANK19           009A0-009EF              50           1
        BANK2            00120-0016F              50           1
        BANK20           00A20-00A6F              50           1
        BANK21           00AA0-00AEF              50           1
        BANK22           00B20-00B6F              50           1
        BANK23           00BA0-00BEF              50           1
        BANK24           00C20-00C6F              50           1
        BANK25           00CA0-00CBF              20           1
        BANK3            001A0-001EF              50           1
        BANK4            00220-0026F              50           1
        BANK5            002A0-002EF              50           1
        BANK6            00320-0036F              50           1
        BANK7            003A0-003EF              50           1
        BANK8            00420-0046F              50           1
        BANK9            004A0-004EF              50           1
        BIGRAM           02000-027EF             7F0           1
        CODE             00004-00177             174           2
                         0091F-03FFF             800
        CONST            00004-00177              FC           2
                         0091F-03FFF             100
        ENTRY            00004-00177              FC           2
                         0091F-03FFF             100
        IDLOC            08000-08003               4           2
        RAM              0006B-0006F               5           1
                         000C0-000EF              30
                         00120-0016F              50
                         001A0-001EF              50
                         00220-0026F              50
                         002A0-002EF              50
                         00320-0036F              50
                         003A0-003EF              50
                         00420-0046F              50
                         004A0-004EF              50
                         00520-0056F              50
                         005A0-005EF              50
                         00620-0066F              50
                         006A0-006EF              50
                         00720-0076F              50
                         007A0-007EF              50
                         00820-0086F              50
                         008A0-008EF              50
                         00920-0096F              50
                         009A0-009EF              50
                         00A20-00A6F              50
                         00AA0-00AEF              50
                         00B20-00B6F              50
                         00BA0-00BEF              50
                         00C20-00C6F              50
                         00CA0-00CBF              20
        SFR0             00000-0001F              20           1
        SFR1             00080-0009F              20           1
        SFR10            00500-0051F              20           1
        SFR11            00580-0059F              20           1
        SFR12            00600-0061F              20           1
        SFR13            00680-0069F              20           1
        SFR14            00700-0071F              20           1
        SFR15            00780-0079F              20           1
        SFR16            00800-0081F              20           1
        SFR17            00880-0089F              20           1
        SFR18            00900-0091F              20           1
        SFR19            00980-0099F              20           1
        SFR2             00100-0011F              20           1
        SFR20            00A00-00A1F              20           1
        SFR21            00A80-00A9F              20           1
        SFR22            00B00-00B1F              20           1
        SFR23            00B80-00B9F              20           1
        SFR24            00C00-00C1F              20           1
        SFR25            00C80-00C9F              20           1
        SFR26            00D00-00D6F              70           1
        SFR27            00D80-00DEF              70           1
        SFR28            00E00-00E6F              70           1
        SFR29            00E80-00EEF              70           1
        SFR3             00180-0019F              20           1
        SFR30            00F00-00F6F              70           1
        SFR31            00F80-00FEF              70           1
        SFR32            01000-0106F              70           1
        SFR33            01080-010EF              70           1
        SFR34            01100-0116F              70           1
        SFR35            01180-011EF              70           1
        SFR36            01200-0126F              70           1
        SFR37            01280-012EF              70           1
        SFR38            01300-0136F              70           1
        SFR39            01380-013EF              70           1
        SFR4             00200-0021F              20           1
        SFR40            01400-0146F              70           1
        SFR41            01480-014EF              70           1
        SFR42            01500-0156F              70           1
        SFR43            01580-015EF              70           1
        SFR44            01600-0166F              70           1
        SFR45            01680-016EF              70           1
        SFR46            01700-0176F              70           1
        SFR47            01780-017EF              70           1
        SFR48            01800-0186F              70           1
        SFR49            01880-018EF              70           1
        SFR5             00280-0029F              20           1
        SFR50            01900-0196F              70           1
        SFR51            01980-019EF              70           1
        SFR52            01A00-01A6F              70           1
        SFR53            01A80-01AEF              70           1
        SFR54            01B00-01B6F              70           1
        SFR55            01B80-01BEF              70           1
        SFR56            01C00-01C6F              70           1
        SFR57            01C80-01CEF              70           1
        SFR58            01D00-01D6F              70           1
        SFR59            01D80-01DEF              70           1
        SFR6             00300-0031F              20           1
        SFR60            01E00-01E6F              70           1
        SFR61            01E80-01EEF              70           1
        SFR62            01F00-01F6F              70           1
        SFR63            01F80-01FEF              70           1
        SFR7             00380-0039F              20           1
        SFR8             00400-0041F              20           1
        SFR9             00480-0049F              20           1
        STRCODE          00004-00177             174           2
                         0091F-03FFF            36E1
        STRING           00004-00177              FC           2
                         0091F-03FFF             100

                                  Symbol Table

?_SPI_Read                                           cstackBANK0  00040
?___lwdiv                                            cstackCOMMON 00070
?___lwmod                                            cstackCOMMON 00070
?___wmul                                             cstackCOMMON 00070
?_printf                                             cstackBANK0  00039
?_read_temperature                                   cstackBANK0  0004B
?_vfprintf                                           cstackBANK0  00034
EUSART1_FramingErrorCallbackRegister@callbackHandler cstackCOMMON 00070
EUSART1_OverrunErrorCallbackRegister@callbackHandler cstackCOMMON 00070
EUSART1_Write@txData                                 cstackCOMMON 00070
EUSART2_FramingErrorCallbackRegister@callbackHandler cstackCOMMON 00070
EUSART2_OverrunErrorCallbackRegister@callbackHandler cstackCOMMON 00070
EUSART2_Write@txData                                 cstackCOMMON 00070
Error_Handler@message                                cstackBANK0  0003E
INT_SetInterruptHandler@InterruptHandler             cstackCOMMON 00070
SPI1_BufferExchange@bufferData                       cstackCOMMON 00070
SPI1_BufferExchange@bufferInput                      cstackCOMMON 00075
SPI1_BufferExchange@bufferInputSize                  cstackCOMMON 00073
SPI1_BufferExchange@bufferSize                       cstackCOMMON 00071
SPI1_Open@returnValue                                cstackCOMMON 00079
SPI1_Open@spiConfigIndex                             cstackCOMMON 00076
SPI_Read@buffer                                      cstackBANK0  00049
SPI_Read@data                                        cstackBANK0  00047
SPI_Write@buffer                                     cstackBANK0  00042
SPI_Write@data                                       cstackBANK0  0003E
UART2_SendChar@data                                  cstackCOMMON 00071
UART2_SendString@str                                 cstackCOMMON 00072
UART_SendChar@data                                   cstackCOMMON 00071
_ANSA0                                               (abs)        0F9C0
_ANSELA                                              (abs)        01F38
_ANSELB                                              (abs)        01F43
_ANSELC                                              (abs)        01F4E
_ANSELD                                              (abs)        01F59
_ANSELE                                              (abs)        01F64
_BAUD1CON                                            (abs)        0011F
_BAUD1CONbits                                        (abs)        0011F
_BAUD2CON                                            (abs)        00A1F
_BAUD2CONbits                                        (abs)        00A1F
_CLOCK_Initialize                                    text30       001B3
_EUSART1_AutoBaudQuery                               (abs)        00000
_EUSART1_AutoBaudSet                                 (abs)        00000
_EUSART1_DefaultFramingErrorCallback                 text14       00179
_EUSART1_DefaultOverrunErrorCallback                 text12       00184
_EUSART1_Deinitialize                                (abs)        00000
_EUSART1_ErrorGet                                    (abs)        00000
_EUSART1_FramingErrorCallbackRegister                text29       001C7
_EUSART1_FramingErrorHandler                         bssBANK0     0005E
_EUSART1_Initialize                                  text27       00296
_EUSART1_IsRxReady                                   text16       00190
_EUSART1_IsTxDone                                    (abs)        00000
_EUSART1_IsTxReady                                   text9        0022F
_EUSART1_IsTxReady$1187                              cstackCOMMON 00070
_EUSART1_OverrunErrorCallbackRegister                text28       001D3
_EUSART1_OverrunErrorHandler                         bssBANK0     0005C
_EUSART1_Read                                        text11       00335
_EUSART1_TransmitDisable                             (abs)        00000
_EUSART1_TransmitEnable                              (abs)        00000
_EUSART1_Write                                       text7        00188
_EUSART2_AutoBaudQuery                               (abs)        00000
_EUSART2_AutoBaudSet                                 (abs)        00000
_EUSART2_DefaultFramingErrorCallback                 text15       00178
_EUSART2_DefaultOverrunErrorCallback                 text13       00180
_EUSART2_Deinitialize                                (abs)        00000
_EUSART2_Enable                                      text43       0017A
_EUSART2_ErrorGet                                    (abs)        00000
_EUSART2_FramingErrorCallbackRegister                text26       001DF
_EUSART2_FramingErrorHandler                         bssBANK0     00064
_EUSART2_Initialize                                  text24       002B3
_EUSART2_IsRxReady                                   (abs)        00000
_EUSART2_IsTxDone                                    (abs)        00000
_EUSART2_IsTxReady                                   text8        0023E
_EUSART2_IsTxReady$810                               cstackCOMMON 00070
_EUSART2_OverrunErrorCallbackRegister                text25       001EB
_EUSART2_OverrunErrorHandler                         bssBANK0     00062
_EUSART2_Read                                        (abs)        00000
_EUSART2_TransmitDisable                             (abs)        00000
_EUSART2_TransmitEnable                              text42       0017D
_EUSART2_Write                                       text6        0018C
_Error_Handler                                       text4        00203
_INLVLA                                              (abs)        01F3C
_INLVLB                                              (abs)        01F47
_INLVLC                                              (abs)        01F52
_INLVLD                                              (abs)        01F5D
_INLVLE                                              (abs)        01F68
_INTERRUPT_Initialize                                text22       001BD
_INT_DefaultInterruptHandler                         (abs)        00000
_INT_InterruptHandler                                bssBANK0     00068
_INT_SetInterruptHandler                             text23       00195
_IOCAF                                               (abs)        01F3F
_IOCAN                                               (abs)        01F3E
_IOCAP                                               (abs)        01F3D
_IOCBF                                               (abs)        01F4A
_IOCBN                                               (abs)        01F49
_IOCBP                                               (abs)        01F48
_IOCCF                                               (abs)        01F55
_IOCCN                                               (abs)        01F54
_IOCCP                                               (abs)        01F53
_IOCEF                                               (abs)        01F6B
_IOCEN                                               (abs)        01F6A
_IOCEP                                               (abs)        01F69
_LATA                                                (abs)        00018
_LATB                                                (abs)        00019
_LATB3                                               (abs)        000CB
_LATBbits                                            (abs)        00019
_LATC                                                (abs)        0001A
_LATD                                                (abs)        0001B
_LATD2                                               (abs)        000DA
_LATE                                                (abs)        0001C
_ODCONA                                              (abs)        01F3A
_ODCONB                                              (abs)        01F45
_ODCONC                                              (abs)        01F50
_ODCOND                                              (abs)        01F5B
_ODCONE                                              (abs)        01F66
_OSCCON1                                             (abs)        0088D
_OSCCON3                                             (abs)        0088F
_OSCEN                                               (abs)        00891
_OSCFRQ                                              (abs)        00893
_OSCTUNE                                             (abs)        00892
_PIE3bits                                            (abs)        00719
_PIN_MANAGER_Initialize                              text21       00460
_PIR0bits                                            (abs)        0070C
_PIR3bits                                            (abs)        0070F
_PORTAbits                                           (abs)        0000C
_PORTBbits                                           (abs)        0000D
_RB4PPS                                              (abs)        01F1C
_RB5PPS                                              (abs)        01F1D
_RC1REG                                              (abs)        00119
_RC1STA                                              (abs)        0011D
_RC1STAbits                                          (abs)        0011D
_RC2REG                                              (abs)        00A19
_RC2STA                                              (abs)        00A1D
_RC2STAbits                                          (abs)        00A1D
_RC6PPS                                              (abs)        01F26
_RD0PPS                                              (abs)        01F28
_RX1DTPPS                                            (abs)        01ECB
_RX2DTPPS                                            (abs)        01ECD
_SLRCONA                                             (abs)        01F3B
_SLRCONB                                             (abs)        01F46
_SLRCONC                                             (abs)        01F51
_SLRCOND                                             (abs)        01F5C
_SLRCONE                                             (abs)        01F67
_SP1BRGH                                             (abs)        0011C
_SP1BRGL                                             (abs)        0011B
_SP2BRGH                                             (abs)        00A1C
_SP2BRGL                                             (abs)        00A1B
_SPI1_BufferExchange                                 text39       0030F
_SPI1_BufferRead                                     (abs)        00000
_SPI1_BufferWrite                                    (abs)        00000
_SPI1_ByteExchange                                   (abs)        00000
_SPI1_ByteRead                                       (abs)        00000
_SPI1_ByteWrite                                      (abs)        00000
_SPI1_Close                                          (abs)        00000
_SPI1_Deinitialize                                   (abs)        00000
_SPI1_Initialize                                     text20       001A1
_SPI1_IsRxReady                                      (abs)        00000
_SPI1_IsTxReady                                      (abs)        00000
_SPI1_Open                                           text40       00516
_SPI_Read                                            text3        003ED
_SPI_Write                                           text31       0035F
_SSP1ADD                                             (abs)        0018D
_SSP1BUF                                             (abs)        0018C
_SSP1CLKPPS                                          (abs)        01EC5
_SSP1CON1                                            (abs)        00190
_SSP1CON1bits                                        (abs)        00190
_SSP1CON3                                            (abs)        00192
_SSP1DATPPS                                          (abs)        01EC6
_SSP1STAT                                            (abs)        0018F
_SYSTEM_Initialize                                   text19       0026C
_TRISA                                               (abs)        00012
_TRISAbits                                           (abs)        00012
_TRISB                                               (abs)        00013
_TRISBbits                                           (abs)        00013
_TRISC                                               (abs)        00014
_TRISD                                               (abs)        00015
_TRISE                                               (abs)        00016
_TX1REG                                              (abs)        0011A
_TX1STA                                              (abs)        0011E
_TX1STAbits                                          (abs)        0011E
_TX2REG                                              (abs)        00A1A
_TX2STA                                              (abs)        00A1E
_TX2STAbits                                          (abs)        00A1E
_UART2                                               stringtext2  00830
_UART2_SendChar                                      text18       00220
_UART2_SendString                                    text17       0027F
_UART_ReceiveChar                                    text10       001F7
_UART_SendChar                                       text5        0024D
_WPUA                                                (abs)        01F39
_WPUB                                                (abs)        01F44
_WPUC                                                (abs)        01F4F
_WPUD                                                (abs)        01F5A
_WPUE                                                (abs)        01F65
__H__absolute__                                      __absolute__ 00000
__Habs1                                              abs1         00000
__Hbank0                                             bank0        00000
__Hbank1                                             bank1        00000
__Hbank10                                            bank10       00000
__Hbank11                                            bank11       00000
__Hbank12                                            bank12       00000
__Hbank13                                            bank13       00000
__Hbank14                                            bank14       00000
__Hbank15                                            bank15       00000
__Hbank16                                            bank16       00000
__Hbank17                                            bank17       00000
__Hbank18                                            bank18       00000
__Hbank19                                            bank19       00000
__Hbank2                                             bank2        00000
__Hbank20                                            bank20       00000
__Hbank21                                            bank21       00000
__Hbank22                                            bank22       00000
__Hbank23                                            bank23       00000
__Hbank24                                            bank24       00000
__Hbank25                                            bank25       00000
__Hbank26                                            bank26       00000
__Hbank27                                            bank27       00000
__Hbank28                                            bank28       00000
__Hbank29                                            bank29       00000
__Hbank3                                             bank3        00000
__Hbank30                                            bank30       00000
__Hbank31                                            bank31       00000
__Hbank32                                            bank32       00000
__Hbank33                                            bank33       00000
__Hbank34                                            bank34       00000
__Hbank35                                            bank35       00000
__Hbank36                                            bank36       00000
__Hbank37                                            bank37       00000
__Hbank38                                            bank38       00000
__Hbank39                                            bank39       00000
__Hbank4                                             bank4        00000
__Hbank40                                            bank40       00000
__Hbank41                                            bank41       00000
__Hbank42                                            bank42       00000
__Hbank43                                            bank43       00000
__Hbank44                                            bank44       00000
__Hbank45                                            bank45       00000
__Hbank46                                            bank46       00000
__Hbank47                                            bank47       00000
__Hbank48                                            bank48       00000
__Hbank49                                            bank49       00000
__Hbank5                                             bank5        00000
__Hbank50                                            bank50       00000
__Hbank51                                            bank51       00000
__Hbank52                                            bank52       00000
__Hbank53                                            bank53       00000
__Hbank54                                            bank54       00000
__Hbank55                                            bank55       00000
__Hbank56                                            bank56       00000
__Hbank57                                            bank57       00000
__Hbank58                                            bank58       00000
__Hbank59                                            bank59       00000
__Hbank6                                             bank6        00000
__Hbank60                                            bank60       00000
__Hbank61                                            bank61       00000
__Hbank62                                            bank62       00000
__Hbank63                                            bank63       00000
__Hbank7                                             bank7        00000
__Hbank8                                             bank8        00000
__Hbank9                                             bank9        00000
__Hbigram                                            bigram       00000
__HbssBANK0                                          bssBANK0     00000
__HbssBANK1                                          bssBANK1     00000
__Hcinit                                             cinit        00800
__Hclrtext                                           clrtext      00000
__Hcode                                              code         00000
__Hcommon                                            common       00000
__Hconfig                                            config       0800C
__HcstackBANK0                                       cstackBANK0  00000
__HcstackCOMMON                                      cstackCOMMON 00000
__Heeprom_data                                       eeprom_data  00000
__Hend_init                                          end_init     00004
__Hfunctab                                           functab      00000
__Hheap                                              heap         00000
__Hinit                                              init         00002
__Hintentry                                          intentry     00002
__Hmaintext                                          maintext     00000
__Hpowerup                                           powerup      00000
__Hram                                               ram          00000
__Hreset_vec                                         reset_vec    00002
__Hsfr0                                              sfr0         00000
__Hsfr1                                              sfr1         00000
__Hsfr10                                             sfr10        00000
__Hsfr11                                             sfr11        00000
__Hsfr12                                             sfr12        00000
__Hsfr13                                             sfr13        00000
__Hsfr14                                             sfr14        00000
__Hsfr15                                             sfr15        00000
__Hsfr16                                             sfr16        00000
__Hsfr17                                             sfr17        00000
__Hsfr18                                             sfr18        00000
__Hsfr19                                             sfr19        00000
__Hsfr2                                              sfr2         00000
__Hsfr20                                             sfr20        00000
__Hsfr21                                             sfr21        00000
__Hsfr22                                             sfr22        00000
__Hsfr23                                             sfr23        00000
__Hsfr24                                             sfr24        00000
__Hsfr25                                             sfr25        00000
__Hsfr26                                             sfr26        00000
__Hsfr27                                             sfr27        00000
__Hsfr28                                             sfr28        00000
__Hsfr29                                             sfr29        00000
__Hsfr3                                              sfr3         00000
__Hsfr30                                             sfr30        00000
__Hsfr31                                             sfr31        00000
__Hsfr32                                             sfr32        00000
__Hsfr33                                             sfr33        00000
__Hsfr34                                             sfr34        00000
__Hsfr35                                             sfr35        00000
__Hsfr36                                             sfr36        00000
__Hsfr37                                             sfr37        00000
__Hsfr38                                             sfr38        00000
__Hsfr39                                             sfr39        00000
__Hsfr4                                              sfr4         00000
__Hsfr40                                             sfr40        00000
__Hsfr41                                             sfr41        00000
__Hsfr42                                             sfr42        00000
__Hsfr43                                             sfr43        00000
__Hsfr44                                             sfr44        00000
__Hsfr45                                             sfr45        00000
__Hsfr46                                             sfr46        00000
__Hsfr47                                             sfr47        00000
__Hsfr48                                             sfr48        00000
__Hsfr49                                             sfr49        00000
__Hsfr5                                              sfr5         00000
__Hsfr50                                             sfr50        00000
__Hsfr51                                             sfr51        00000
__Hsfr52                                             sfr52        00000
__Hsfr53                                             sfr53        00000
__Hsfr54                                             sfr54        00000
__Hsfr55                                             sfr55        00000
__Hsfr56                                             sfr56        00000
__Hsfr57                                             sfr57        00000
__Hsfr58                                             sfr58        00000
__Hsfr59                                             sfr59        00000
__Hsfr6                                              sfr6         00000
__Hsfr60                                             sfr60        00000
__Hsfr61                                             sfr61        00000
__Hsfr62                                             sfr62        00000
__Hsfr63                                             sfr63        00000
__Hsfr7                                              sfr7         00000
__Hsfr8                                              sfr8         00000
__Hsfr9                                              sfr9         00000
__Hsivt                                              sivt         00002
__Hspace_0                                           (abs)        0091F
__Hspace_1                                           (abs)        000C0
__Hspace_2                                           (abs)        00000
__Hspace_3                                           (abs)        00000
__Hspace_4                                           (abs)        10013
__Hstack                                             stack        00000
__Hstrings                                           strings      00000
__Hstringtext1                                       stringtext1  00000
__Hstringtext10                                      stringtext10 00000
__Hstringtext11                                      stringtext11 00000
__Hstringtext12                                      stringtext12 00000
__Hstringtext13                                      stringtext13 00000
__Hstringtext14                                      stringtext14 00000
__Hstringtext2                                       stringtext2  00000
__Hstringtext3                                       stringtext3  00000
__Hstringtext4                                       stringtext4  00000
__Hstringtext5                                       stringtext5  00000
__Hstringtext6                                       stringtext6  00000
__Hstringtext7                                       stringtext7  00000
__Hstringtext8                                       stringtext8  00000
__Hstringtext9                                       stringtext9  00000
__Htext                                              text         00000
__L__absolute__                                      __absolute__ 00000
__Labs1                                              abs1         00000
__Lbank0                                             bank0        00000
__Lbank1                                             bank1        00000
__Lbank10                                            bank10       00000
__Lbank11                                            bank11       00000
__Lbank12                                            bank12       00000
__Lbank13                                            bank13       00000
__Lbank14                                            bank14       00000
__Lbank15                                            bank15       00000
__Lbank16                                            bank16       00000
__Lbank17                                            bank17       00000
__Lbank18                                            bank18       00000
__Lbank19                                            bank19       00000
__Lbank2                                             bank2        00000
__Lbank20                                            bank20       00000
__Lbank21                                            bank21       00000
__Lbank22                                            bank22       00000
__Lbank23                                            bank23       00000
__Lbank24                                            bank24       00000
__Lbank25                                            bank25       00000
__Lbank26                                            bank26       00000
__Lbank27                                            bank27       00000
__Lbank28                                            bank28       00000
__Lbank29                                            bank29       00000
__Lbank3                                             bank3        00000
__Lbank30                                            bank30       00000
__Lbank31                                            bank31       00000
__Lbank32                                            bank32       00000
__Lbank33                                            bank33       00000
__Lbank34                                            bank34       00000
__Lbank35                                            bank35       00000
__Lbank36                                            bank36       00000
__Lbank37                                            bank37       00000
__Lbank38                                            bank38       00000
__Lbank39                                            bank39       00000
__Lbank4                                             bank4        00000
__Lbank40                                            bank40       00000
__Lbank41                                            bank41       00000
__Lbank42                                            bank42       00000
__Lbank43                                            bank43       00000
__Lbank44                                            bank44       00000
__Lbank45                                            bank45       00000
__Lbank46                                            bank46       00000
__Lbank47                                            bank47       00000
__Lbank48                                            bank48       00000
__Lbank49                                            bank49       00000
__Lbank5                                             bank5        00000
__Lbank50                                            bank50       00000
__Lbank51                                            bank51       00000
__Lbank52                                            bank52       00000
__Lbank53                                            bank53       00000
__Lbank54                                            bank54       00000
__Lbank55                                            bank55       00000
__Lbank56                                            bank56       00000
__Lbank57                                            bank57       00000
__Lbank58                                            bank58       00000
__Lbank59                                            bank59       00000
__Lbank6                                             bank6        00000
__Lbank60                                            bank60       00000
__Lbank61                                            bank61       00000
__Lbank62                                            bank62       00000
__Lbank63                                            bank63       00000
__Lbank7                                             bank7        00000
__Lbank8                                             bank8        00000
__Lbank9                                             bank9        00000
__Lbigram                                            bigram       00000
__LbssBANK0                                          bssBANK0     00000
__LbssBANK1                                          bssBANK1     00000
__Lcinit                                             cinit        007ED
__Lclrtext                                           clrtext      00000
__Lcode                                              code         00000
__Lcommon                                            common       00000
__Lconfig                                            config       00000
__LcstackBANK0                                       cstackBANK0  00000
__LcstackCOMMON                                      cstackCOMMON 00000
__Leeprom_data                                       eeprom_data  00000
__Lend_init                                          end_init     00002
__Lfunctab                                           functab      00000
__Lheap                                              heap         00000
__Linit                                              init         00002
__Lintentry                                          intentry     00002
__Lmaintext                                          maintext     00000
__Lpowerup                                           powerup      00000
__Lram                                               ram          00000
__Lreset_vec                                         reset_vec    00000
__Lsfr0                                              sfr0         00000
__Lsfr1                                              sfr1         00000
__Lsfr10                                             sfr10        00000
__Lsfr11                                             sfr11        00000
__Lsfr12                                             sfr12        00000
__Lsfr13                                             sfr13        00000
__Lsfr14                                             sfr14        00000
__Lsfr15                                             sfr15        00000
__Lsfr16                                             sfr16        00000
__Lsfr17                                             sfr17        00000
__Lsfr18                                             sfr18        00000
__Lsfr19                                             sfr19        00000
__Lsfr2                                              sfr2         00000
__Lsfr20                                             sfr20        00000
__Lsfr21                                             sfr21        00000
__Lsfr22                                             sfr22        00000
__Lsfr23                                             sfr23        00000
__Lsfr24                                             sfr24        00000
__Lsfr25                                             sfr25        00000
__Lsfr26                                             sfr26        00000
__Lsfr27                                             sfr27        00000
__Lsfr28                                             sfr28        00000
__Lsfr29                                             sfr29        00000
__Lsfr3                                              sfr3         00000
__Lsfr30                                             sfr30        00000
__Lsfr31                                             sfr31        00000
__Lsfr32                                             sfr32        00000
__Lsfr33                                             sfr33        00000
__Lsfr34                                             sfr34        00000
__Lsfr35                                             sfr35        00000
__Lsfr36                                             sfr36        00000
__Lsfr37                                             sfr37        00000
__Lsfr38                                             sfr38        00000
__Lsfr39                                             sfr39        00000
__Lsfr4                                              sfr4         00000
__Lsfr40                                             sfr40        00000
__Lsfr41                                             sfr41        00000
__Lsfr42                                             sfr42        00000
__Lsfr43                                             sfr43        00000
__Lsfr44                                             sfr44        00000
__Lsfr45                                             sfr45        00000
__Lsfr46                                             sfr46        00000
__Lsfr47                                             sfr47        00000
__Lsfr48                                             sfr48        00000
__Lsfr49                                             sfr49        00000
__Lsfr5                                              sfr5         00000
__Lsfr50                                             sfr50        00000
__Lsfr51                                             sfr51        00000
__Lsfr52                                             sfr52        00000
__Lsfr53                                             sfr53        00000
__Lsfr54                                             sfr54        00000
__Lsfr55                                             sfr55        00000
__Lsfr56                                             sfr56        00000
__Lsfr57                                             sfr57        00000
__Lsfr58                                             sfr58        00000
__Lsfr59                                             sfr59        00000
__Lsfr6                                              sfr6         00000
__Lsfr60                                             sfr60        00000
__Lsfr61                                             sfr61        00000
__Lsfr62                                             sfr62        00000
__Lsfr63                                             sfr63        00000
__Lsfr7                                              sfr7         00000
__Lsfr8                                              sfr8         00000
__Lsfr9                                              sfr9         00000
__Lsivt                                              sivt         00002
__Lspace_0                                           (abs)        00000
__Lspace_1                                           (abs)        00000
__Lspace_2                                           (abs)        00000
__Lspace_3                                           (abs)        00000
__Lspace_4                                           (abs)        00000
__Lstack                                             stack        00000
__Lstrings                                           strings      00000
__Lstringtext1                                       stringtext1  00000
__Lstringtext10                                      stringtext10 00000
__Lstringtext11                                      stringtext11 00000
__Lstringtext12                                      stringtext12 00000
__Lstringtext13                                      stringtext13 00000
__Lstringtext14                                      stringtext14 00000
__Lstringtext2                                       stringtext2  00000
__Lstringtext3                                       stringtext3  00000
__Lstringtext4                                       stringtext4  00000
__Lstringtext5                                       stringtext5  00000
__Lstringtext6                                       stringtext6  00000
__Lstringtext7                                       stringtext7  00000
__Lstringtext8                                       stringtext8  00000
__Lstringtext9                                       stringtext9  00000
__Ltext                                              text         00000
__S0                                                 (abs)        0091F
__S1                                                 (abs)        000C0
___heap_hi                                           (abs)        00000
___heap_lo                                           (abs)        00000
___int_sp                                            stack        00000
___int_stack_hi                                      stack        00000
___int_stack_lo                                      stack        00000
___latbits                                           (abs)        00003
___lwdiv                                             text38       00426
___lwdiv@counter                                     cstackCOMMON 00076
___lwdiv@dividend                                    cstackCOMMON 00072
___lwdiv@divisor                                     cstackCOMMON 00070
___lwdiv@quotient                                    cstackCOMMON 00074
___lwmod                                             text37       003BB
___lwmod@counter                                     cstackCOMMON 00074
___lwmod@dividend                                    cstackCOMMON 00072
___lwmod@divisor                                     cstackCOMMON 00070
___sp                                                stack        00000
___stack_hi                                          stack        00000
___stack_lo                                          stack        00000
___stackhi                                           (abs)        00000
___stacklo                                           (abs)        00000
___wmul                                              text41       002D0
___wmul@multiplicand                                 cstackCOMMON 00072
___wmul@multiplier                                   cstackCOMMON 00070
___wmul@product                                      cstackCOMMON 00074
__end_of_CLOCK_Initialize                            text30       001BD
__end_of_EUSART1_DefaultFramingErrorCallback         text14       0017A
__end_of_EUSART1_DefaultOverrunErrorCallback         text12       00188
__end_of_EUSART1_FramingErrorCallbackRegister        text29       001D3
__end_of_EUSART1_Initialize                          text27       002B3
__end_of_EUSART1_IsRxReady                           text16       00195
__end_of_EUSART1_IsTxReady                           text9        0023E
__end_of_EUSART1_OverrunErrorCallbackRegister        text28       001DF
__end_of_EUSART1_Read                                text11       0035F
__end_of_EUSART1_Write                               text7        0018C
__end_of_EUSART2_DefaultFramingErrorCallback         text15       00179
__end_of_EUSART2_DefaultOverrunErrorCallback         text13       00184
__end_of_EUSART2_Enable                              text43       0017D
__end_of_EUSART2_FramingErrorCallbackRegister        text26       001EB
__end_of_EUSART2_Initialize                          text24       002D0
__end_of_EUSART2_IsTxReady                           text8        0024D
__end_of_EUSART2_OverrunErrorCallbackRegister        text25       001F7
__end_of_EUSART2_TransmitEnable                      text42       00180
__end_of_EUSART2_Write                               text6        00190
__end_of_Error_Handler                               text4        00211
__end_of_INTERRUPT_Initialize                        text22       001C7
__end_of_INT_SetInterruptHandler                     text23       0019B
__end_of_PIN_MANAGER_Initialize                      text21       004BA
__end_of_SPI1_BufferExchange                         text39       00335
__end_of_SPI1_Client                                 stringtext3  0089A
__end_of_SPI1_Initialize                             text20       001AA
__end_of_SPI1_Open                                   text40       00582
__end_of_SPI_Read                                    text3        00426
__end_of_SPI_Write                                   text31       0038B
__end_of_SYSTEM_Initialize                           text19       0027F
__end_of_UART1                                       stringtext1  00830
__end_of_UART2                                       stringtext2  00860
__end_of_UART2_SendChar                              text18       0022F
__end_of_UART2_SendString                            text17       00296
__end_of_UART_ReceiveChar                            text10       00203
__end_of_UART_SendChar                               text5        0025C
__end_of___lwdiv                                     text38       00460
__end_of___lwmod                                     text37       003ED
__end_of___wmul                                      text41       002EF
__end_of__initialization                             cinit        007FD
__end_of_fputc                                       text35       00516
__end_of_main                                        maintext     0063D
__end_of_printf                                      text32       0026C
__end_of_putch                                       text36       00220
__end_of_read_temperature                            text2        001B3
__end_of_spi1_configuration                          stringtext4  0086A
__end_of_test1                                       text1        003BB
__end_of_vfpfcnvrt                                   text34       007ED
__end_of_vfprintf                                    text33       0030F
__initialization                                     cinit        007ED
__pbssBANK0                                          bssBANK0     00058
__pbssBANK1                                          bssBANK1     000A0
__pcstackBANK0                                       cstackBANK0  00020
__pcstackCOMMON                                      cstackCOMMON 00070
__pmaintext                                          maintext     00582
__pstringtext1                                       stringtext1  00800
__pstringtext10                                      stringtext10 008F0
__pstringtext11                                      stringtext11 008FF
__pstringtext12                                      stringtext12 0090D
__pstringtext13                                      stringtext13 00918
__pstringtext14                                      stringtext14 00000
__pstringtext2                                       stringtext2  00830
__pstringtext3                                       stringtext3  0087E
__pstringtext4                                       stringtext4  00860
__pstringtext5                                       stringtext5  0089A
__pstringtext6                                       stringtext6  008AD
__pstringtext7                                       stringtext7  008BF
__pstringtext8                                       stringtext8  008D0
__pstringtext9                                       stringtext9  008E1
__ptext1                                             text1        0038B
__ptext10                                            text10       001F7
__ptext11                                            text11       00335
__ptext12                                            text12       00184
__ptext13                                            text13       00180
__ptext14                                            text14       00179
__ptext15                                            text15       00178
__ptext16                                            text16       00190
__ptext17                                            text17       0027F
__ptext18                                            text18       00220
__ptext19                                            text19       0026C
__ptext2                                             text2        001AA
__ptext20                                            text20       001A1
__ptext21                                            text21       00460
__ptext22                                            text22       001BD
__ptext23                                            text23       00195
__ptext24                                            text24       002B3
__ptext25                                            text25       001EB
__ptext26                                            text26       001DF
__ptext27                                            text27       00296
__ptext28                                            text28       001D3
__ptext29                                            text29       001C7
__ptext3                                             text3        003ED
__ptext30                                            text30       001B3
__ptext31                                            text31       0035F
__ptext32                                            text32       0025C
__ptext33                                            text33       002EF
__ptext34                                            text34       0063D
__ptext35                                            text35       004BA
__ptext36                                            text36       00211
__ptext37                                            text37       003BB
__ptext38                                            text38       00426
__ptext39                                            text39       0030F
__ptext4                                             text4        00203
__ptext40                                            text40       00516
__ptext41                                            text41       002D0
__ptext42                                            text42       0017D
__ptext43                                            text43       0017A
__ptext5                                             text5        0024D
__ptext6                                             text6        0018C
__ptext7                                             text7        00188
__ptext8                                             text8        0023E
__ptext9                                             text9        0022F
_dbuf                                                bssBANK1     000A0
_eusart1RxLastError                                  bssBANK0     00060
_eusart2RxLastError                                  bssBANK0     00066
_flags                                               bssBANK0     0006A
_fputc                                               text35       004BA
_main                                                maintext     00582
_prec                                                bssBANK0     0005A
_printf                                              text32       0025C
_putch                                               text36       00211
_read_temperature                                    text2        001AA
_spi1_configuration                                  stringtext4  00860
_test1                                               text1        0038B
_vfpfcnvrt                                           text34       0063D
_vfprintf                                            text33       002EF
_width                                               bssBANK0     00058
btemp                                                (abs)        0007E
clear_ram0                                           clrtext      0019B
end_of_initialization                                cinit        007FD
fputc@c                                              cstackCOMMON 00072
fputc@fp                                             cstackCOMMON 00074
intlevel0                                            functab      00000
intlevel1                                            functab      00000
intlevel2                                            functab      00000
intlevel3                                            functab      00000
intlevel4                                            functab      00000
intlevel5                                            functab      00000
main@data                                            cstackBANK0  00054
main@high_byte                                       cstackBANK0  00052
main@low_byte                                        cstackBANK0  00053
main@temperature                                     cstackBANK0  00056
printf@ap                                            cstackBANK0  0003D
printf@fmt                                           cstackBANK0  00039
putch@data                                           cstackCOMMON 00071
reset_vec                                            reset_vec    00000
start                                                init         00002
start_initialization                                 cinit        007ED
test1@i                                              cstackCOMMON 00074
test1@loop                                           cstackCOMMON 00070
vfpfcnvrt@ap                                         cstackBANK0  00023
vfpfcnvrt@c                                          cstackBANK0  00033
vfpfcnvrt@convarg                                    cstackBANK0  0002F
vfpfcnvrt@cp                                         cstackBANK0  0002D
vfpfcnvrt@cp_1928                                    cstackBANK0  0002A
vfpfcnvrt@done                                       cstackBANK0  00029
vfpfcnvrt@fmt                                        cstackBANK0  00022
vfpfcnvrt@fp                                         cstackBANK0  00020
vfpfcnvrt@x                                          cstackBANK0  0002C
vfprintf@ap                                          cstackBANK0  00038
vfprintf@cfmt                                        cstackCOMMON 0007C
vfprintf@fmt                                         cstackBANK0  00036
vfprintf@fp                                          cstackBANK0  00034
wtemp0                                               (abs)        0007E


MODULE INFORMATION

Module		Function		Class		Link	Load	Size
C:\Program Files\Microchip\xc8\v2.50\pic\sources\c99\common\Umul16.c
		___wmul        		CODE           	02D0	0000	31

C:\Program Files\Microchip\xc8\v2.50\pic\sources\c99\common\Umul16.c estimated size: 31

mcc_generated_files/spi/src/mssp1.c
		_SPI1_BufferExchange		CODE           	030F	0000	38
		_SPI1_Open     		CODE           	0516	0000	108
		_SPI1_Initialize		CODE           	01A1	0000	9

mcc_generated_files/spi/src/mssp1.c estimated size: 155

C:\Program Files\Microchip\xc8\v2.50\pic\sources\c99\common\printf.c
		_printf        		CODE           	025C	0000	16

C:\Program Files\Microchip\xc8\v2.50\pic\sources\c99\common\printf.c estimated size: 16

C:\Program Files\Microchip\xc8\v2.50\pic\sources\c99\common\lwmod.c
		___lwmod       		CODE           	03BB	0000	50

C:\Program Files\Microchip\xc8\v2.50\pic\sources\c99\common\lwmod.c estimated size: 50

mcc_generated_files/system/src/interrupt.c
		_INT_SetInterruptHandler		CODE           	0195	0000	6
		_INTERRUPT_Initialize		CODE           	01BD	0000	10

mcc_generated_files/system/src/interrupt.c estimated size: 16

mcc_generated_files/uart/src/eusart2.c
		_EUSART2_Write 		CODE           	018C	0000	4
		_EUSART2_TransmitEnable		CODE           	017D	0000	3
		_EUSART2_Enable		CODE           	017A	0000	3
		_EUSART2_FramingErrorCallbackRegister		CODE           	01DF	0000	12
		_EUSART2_IsTxReady		CODE           	023E	0000	15
		_EUSART2_OverrunErrorCallbackRegister		CODE           	01EB	0000	12
		_EUSART2_DefaultOverrunErrorCallback		CODE           	0180	0000	4
		_EUSART2_Initialize		CODE           	02B3	0000	29
		_EUSART2_DefaultFramingErrorCallback		CODE           	0178	0000	1

mcc_generated_files/uart/src/eusart2.c estimated size: 83

mcc_generated_files/system/src/pins.c
		_PIN_MANAGER_Initialize		CODE           	0460	0000	90

mcc_generated_files/system/src/pins.c estimated size: 90

C:\Program Files\Microchip\xc8\v2.50\pic\sources\c99\common\nf_fputc.c
		_fputc         		CODE           	04BA	0000	92

C:\Program Files\Microchip\xc8\v2.50\pic\sources\c99\common\nf_fputc.c estimated size: 92

shared
		__initialization		CODE           	07ED	0000	16
		_UART1         		STRCODE        	0000	0000	0
		_UART2         		STRCODE        	0830	0000	48
		_SPI1_Client   		STRCODE        	0000	0000	0
		_spi1_configuration		STRCODE        	0860	0000	10

shared estimated size: 74

C:\Program Files\Microchip\xc8\v2.50\pic\sources\c99\common\lwdiv.c
		___lwdiv       		CODE           	0426	0000	58

C:\Program Files\Microchip\xc8\v2.50\pic\sources\c99\common\lwdiv.c estimated size: 58

C:\Program Files\Microchip\xc8\v2.50\pic\sources\c99\common\doprnt.c
		_vfpfcnvrt     		CODE           	063D	0000	432
		_vfprintf      		CODE           	02EF	0000	32

C:\Program Files\Microchip\xc8\v2.50\pic\sources\c99\common\doprnt.c estimated size: 464

mcc_generated_files/system/src/clock.c
		_CLOCK_Initialize		CODE           	01B3	0000	10

mcc_generated_files/system/src/clock.c estimated size: 10

main.c
		_read_temperature		CODE           	01AA	0000	9
		_putch         		CODE           	0211	0000	15
		_UART_ReceiveChar		CODE           	01F7	0000	12
		_main          		CODE           	0582	0000	187
		_SPI_Write     		CODE           	035F	0000	44
		_SPI_Read      		CODE           	03ED	0000	57
		_UART_SendChar 		CODE           	024D	0000	15
		_UART2_SendString		CODE           	027F	0000	23
		_Error_Handler 		CODE           	0203	0000	14
		_UART2_SendChar		CODE           	0220	0000	15
		_test1         		CODE           	038B	0000	48

main.c estimated size: 439

mcc_generated_files/uart/src/eusart1.c
		_EUSART1_Initialize		CODE           	0296	0000	29
		_EUSART1_DefaultFramingErrorCallback		CODE           	0179	0000	1
		_EUSART1_Read  		CODE           	0335	0000	42
		_EUSART1_Write 		CODE           	0188	0000	4
		_EUSART1_FramingErrorCallbackRegister		CODE           	01C7	0000	12
		_EUSART1_IsRxReady		CODE           	0190	0000	5
		_EUSART1_IsTxReady		CODE           	022F	0000	15
		_EUSART1_OverrunErrorCallbackRegister		CODE           	01D3	0000	12
		_EUSART1_DefaultOverrunErrorCallback		CODE           	0184	0000	4

mcc_generated_files/uart/src/eusart1.c estimated size: 124

mcc_generated_files/system/src/system.c
		_SYSTEM_Initialize		CODE           	026C	0000	19

mcc_generated_files/system/src/system.c estimated size: 19

