Microchip MPLAB XC8 Compiler V2.50

Linker command line:

-W-3 \
  --edf=C:\Program Files\Microchip\xc8\v2.50\pic\dat\20240725155939_en.msgs \
  -cn -h+dist/default/production\TempSensorHub.X.production.sym \
  --cmf=dist/default/production\TempSensorHub.X.production.cmf -z \
  -Q16F15376 -oC:\Users\home1\AppData\Local\Temp\xcAslo4.\driver_tmp_3.o \
  --defsym=__MPLAB_BUILD=1 --fixupoverflow=error \
  -Mdist/default/production/TempSensorHub.X.production.map \
  --md=C:\Users\home1\AppData\Local\Temp\xcAslo4.\driver_tmp_0.dat -E1 \
  -ver=XC8 Compiler --acfsm=1493 -ACODE=00h-07FFhx8 -ASTRCODE=00h-03FFFh \
  -ASTRING=00h-0FFhx64 -ACONST=00h-0FFhx64 -AENTRY=00h-0FFhx64 \
  -ACOMMON=070h-07Fh -ABANK0=020h-06Fh -ABANK1=0A0h-0EFh \
  -ABANK2=0120h-016Fh -ABANK3=01A0h-01EFh -ABANK4=0220h-026Fh \
  -ABANK5=02A0h-02EFh -ABANK6=0320h-036Fh -ABANK7=03A0h-03EFh \
  -ABANK8=0420h-046Fh -ABANK9=04A0h-04EFh -ABANK10=0520h-056Fh \
  -ABANK11=05A0h-05EFh -ABANK12=0620h-066Fh -ABANK13=06A0h-06EFh \
  -ABANK14=0720h-076Fh -ABANK15=07A0h-07EFh -ABANK16=0820h-086Fh \
  -ABANK17=08A0h-08EFh -ABANK18=0920h-096Fh -ABANK19=09A0h-09EFh \
  -ABANK20=0A20h-0A6Fh -ABANK21=0AA0h-0AEFh -ABANK22=0B20h-0B6Fh \
  -ABANK23=0BA0h-0BEFh -ABANK24=0C20h-0C6Fh -ABANK25=0CA0h-0CBFh \
  -ABIGRAM=02000h-027EFh \
  -ARAM=020h-06Fh,0A0h-0EFh,0120h-016Fh,01A0h-01EFh,0220h-026Fh,02A0h-02EFh,0320h-036Fh,03A0h-03EFh,0420h-046Fh,04A0h-04EFh,0520h-056Fh,05A0h-05EFh,0620h-066Fh,06A0h-06EFh,0720h-076Fh,07A0h-07EFh,0820h-086Fh,08A0h-08EFh,0920h-096Fh,09A0h-09EFh,0A20h-0A6Fh,0AA0h-0AEFh,0B20h-0B6Fh,0BA0h-0BEFh,0C20h-0C6Fh,0CA0h-0CBFh \
  -AABS1=020h-07Fh,0A0h-0EFh,0120h-016Fh,01A0h-01EFh,0220h-026Fh,02A0h-02EFh,0320h-036Fh,03A0h-03EFh,0420h-046Fh,04A0h-04EFh,0520h-056Fh,05A0h-05EFh,0620h-066Fh,06A0h-06EFh,0720h-076Fh,07A0h-07EFh,0820h-086Fh,08A0h-08EFh,0920h-096Fh,09A0h-09EFh,0A20h-0A6Fh,0AA0h-0AEFh,0B20h-0B6Fh,0BA0h-0BEFh,0C20h-0C6Fh,0CA0h-0CBFh \
  -ASFR0=00h-01Fh -ASFR1=080h-09Fh -ASFR2=0100h-011Fh -ASFR3=0180h-019Fh \
  -ASFR4=0200h-021Fh -ASFR5=0280h-029Fh -ASFR6=0300h-031Fh \
  -ASFR7=0380h-039Fh -ASFR8=0400h-041Fh -ASFR9=0480h-049Fh \
  -ASFR10=0500h-051Fh -ASFR11=0580h-059Fh -ASFR12=0600h-061Fh \
  -ASFR13=0680h-069Fh -ASFR14=0700h-071Fh -ASFR15=0780h-079Fh \
  -ASFR16=0800h-081Fh -ASFR17=0880h-089Fh -ASFR18=0900h-091Fh \
  -ASFR19=0980h-099Fh -ASFR20=0A00h-0A1Fh -ASFR21=0A80h-0A9Fh \
  -ASFR22=0B00h-0B1Fh -ASFR23=0B80h-0B9Fh -ASFR24=0C00h-0C1Fh \
  -ASFR25=0C80h-0C9Fh -ASFR26=0D00h-0D6Fh -ASFR27=0D80h-0DEFh \
  -ASFR28=0E00h-0E6Fh -ASFR29=0E80h-0EEFh -ASFR30=0F00h-0F6Fh \
  -ASFR31=0F80h-0FEFh -ASFR32=01000h-0106Fh -ASFR33=01080h-010EFh \
  -ASFR34=01100h-0116Fh -ASFR35=01180h-011EFh -ASFR36=01200h-0126Fh \
  -ASFR37=01280h-012EFh -ASFR38=01300h-0136Fh -ASFR39=01380h-013EFh \
  -ASFR40=01400h-0146Fh -ASFR41=01480h-014EFh -ASFR42=01500h-0156Fh \
  -ASFR43=01580h-015EFh -ASFR44=01600h-0166Fh -ASFR45=01680h-016EFh \
  -ASFR46=01700h-0176Fh -ASFR47=01780h-017EFh -ASFR48=01800h-0186Fh \
  -ASFR49=01880h-018EFh -ASFR50=01900h-0196Fh -ASFR51=01980h-019EFh \
  -ASFR52=01A00h-01A6Fh -ASFR53=01A80h-01AEFh -ASFR54=01B00h-01B6Fh \
  -ASFR55=01B80h-01BEFh -ASFR56=01C00h-01C6Fh -ASFR57=01C80h-01CEFh \
  -ASFR58=01D00h-01D6Fh -ASFR59=01D80h-01DEFh -ASFR60=01E00h-01E6Fh \
  -ASFR61=01E80h-01EEFh -ASFR62=01F00h-01F6Fh -ASFR63=01F80h-01FEFh \
  -ACONFIG=08007h-0800Bh -DCONFIG=2 -AIDLOC=08000h-08003h -DIDLOC=2 \
  -DCODE=2 -DSTRCODE=2 -DSTRING=2 -DCONST=2 -DENTRY=2 \
  -preset_vec=00h,intentry,sivt,init,end_init -ppowerup=CODE -pcinit=CODE \
  -pfunctab=ENTRY -k \
  C:\Users\home1\AppData\Local\Temp\xcAslo4.\driver_tmp_17.o \
  dist/default/production\TempSensorHub.X.production.o 

Object code version is 3.11

Machine type is 16F15376



                Name                               Link     Load   Length Selector   Space Scale
C:\Users\home1\AppData\Local\Temp\xcAslo4.\driver_tmp_17.o
                end_init                              2        2        2        0       0
                reset_vec                             0        0        2        0       0
                config                             8007     8007        5        0       4
dist/default/production\TempSensorHub.X.production.o
                cinit                               7ED      7ED       13      FDA       0
                config                             8007     8007        5        0       4
                text43                              231      231        3      462       0
                text42                              234      234        3      468       0
                text41                              394      394       1F      728       0
                text40                              5AE      5AE       6C      B5C       0
                text39                              3D3      3D3       26      7A6       0
                text38                              2BA      2BA        E      574       0
                text37                              26A      26A        A      4D4       0
                text36                              27E      27E        C      4FC       0
                text35                              28A      28A        C      514       0
                text34                              377      377       1D      6EE       0
                text33                              296      296        C      52C       0
                text32                              2A2      2A2        C      544       0
                text31                              35B      35B       1C      6B6       0
                text30                              24C      24C        6      498       0
                text29                              274      274        A      4E8       0
                text28                              4F8      4F8       5A      9F0       0
                text27                              258      258        9      4B0       0
                text26                              331      331       13      662       0
                text25                              2D6      2D6        F      5AC       0
                text24                              344      344       17      688       0
                text23                              247      247        5      48E       0
                text22                              22F      22F        1      45E       0
                text21                              230      230        1      460       0
                text20                              237      237        4      46E       0
                text19                              23B      23B        4      476       0
                text18                              3F9      3F9       2A      7F2       0
                text17                              2AE      2AE        C      55C       0
                text16                              2E5      2E5        F      5CA       0
                text15                              2F4      2F4        F      5E8       0
                text14                              23F      23F        4      47E       0
                text13                              243      243        4      486       0
                text12                              303      303        F      606       0
                text11                              4BE      4BE       3A      97C       0
                text10                              453      453       32      8A6       0
                text9                               312      312        F      624       0
                text8                               552      552       5C      AA4       0
                text7                               68F      68F      15E      D1E       0
                text6                               3B3      3B3       20      766       0
                text5                               321      321       10      642       0
                text4                               2C8      2C8        E      590       0
                text3                               485      485       39      90A       0
                text2                               261      261        9      4C2       0
                text1                               423      423       30      846       0
                maintext                            61A      61A       75      C34       0
                cstackBANK0                          20       20       30       20       1
                cstackCOMMON                         70       70        E       70       1
                clrtext                             252      252        6      4A4       0
                bssBANK1                             A0       A0       20       A0       1
                bssBANK0                             50       50       13       20       1
                stringtext10                        8E7      8E7        7     1000       0
                stringtext9                         8DC      8DC        B     1000       0
                stringtext8                         8CD      8CD        F     1000       0
                stringtext7                         8BE      8BE        F     1000       0
                stringtext6                         8AC      8AC       12     1000       0
                stringtext5                         899      899       13     1000       0
                stringtext4                         860      860       1D     1000       0
                stringtext3                         87D      87D       1C     1000       0
                stringtext2                         830      830       30     1000       0
                stringtext1                         800      800       30     1000       0

TOTAL           Name                               Link     Load   Length     Space
        CLASS   CODE           
                end_init                              2        2        2         0
                cinit                               7ED      7ED       13         0
                reset_vec                             0        0        2         0
                text43                              231      231        3         0
                text42                              234      234        3         0
                text41                              394      394       1F         0
                text40                              5AE      5AE       6C         0
                text39                              3D3      3D3       26         0
                text38                              2BA      2BA        E         0
                text37                              26A      26A        A         0
                text36                              27E      27E        C         0
                text35                              28A      28A        C         0
                text34                              377      377       1D         0
                text33                              296      296        C         0
                text32                              2A2      2A2        C         0
                text31                              35B      35B       1C         0
                text30                              24C      24C        6         0
                text29                              274      274        A         0
                text28                              4F8      4F8       5A         0
                text27                              258      258        9         0
                text26                              331      331       13         0
                text25                              2D6      2D6        F         0
                text24                              344      344       17         0
                text23                              247      247        5         0
                text22                              22F      22F        1         0
                text21                              230      230        1         0
                text20                              237      237        4         0
                text19                              23B      23B        4         0
                text18                              3F9      3F9       2A         0
                text17                              2AE      2AE        C         0
                text16                              2E5      2E5        F         0
                text15                              2F4      2F4        F         0
                text14                              23F      23F        4         0
                text13                              243      243        4         0
                text12                              303      303        F         0
                text11                              4BE      4BE       3A         0
                text10                              453      453       32         0
                text9                               312      312        F         0
                text8                               552      552       5C         0
                text7                               68F      68F      15E         0
                text6                               3B3      3B3       20         0
                text5                               321      321       10         0
                text4                               2C8      2C8        E         0
                text3                               485      485       39         0
                text2                               261      261        9         0
                text1                               423      423       30         0
                maintext                            61A      61A       75         0
                clrtext                             252      252        6         0

        CLASS   STRCODE        
                stringtext10                        8E7      8E7        7         0
                stringtext9                         8DC      8DC        B         0
                stringtext8                         8CD      8CD        F         0
                stringtext7                         8BE      8BE        F         0
                stringtext6                         8AC      8AC       12         0
                stringtext5                         899      899       13         0
                stringtext4                         860      860       1D         0
                stringtext3                         87D      87D       1C         0
                stringtext2                         830      830       30         0
                stringtext1                         800      800       30         0

        CLASS   STRING         

        CLASS   CONST          

        CLASS   ENTRY          

        CLASS   COMMON         
                cstackCOMMON                         70       70        E         1

        CLASS   BANK0          
                cstackBANK0                          20       20       30         1
                bssBANK0                             50       50       13         1

        CLASS   BANK1          
                bssBANK1                             A0       A0       20         1

        CLASS   BANK2          

        CLASS   BANK3          

        CLASS   BANK4          

        CLASS   BANK5          

        CLASS   BANK6          

        CLASS   BANK7          

        CLASS   BANK8          

        CLASS   BANK9          

        CLASS   BANK10         

        CLASS   BANK11         

        CLASS   BANK12         

        CLASS   BANK13         

        CLASS   BANK14         

        CLASS   BANK15         

        CLASS   BANK16         

        CLASS   BANK17         

        CLASS   BANK18         

        CLASS   BANK19         

        CLASS   BANK20         

        CLASS   BANK21         

        CLASS   BANK22         

        CLASS   BANK23         

        CLASS   BANK24         

        CLASS   BANK25         

        CLASS   BIGRAM         

        CLASS   RAM            

        CLASS   ABS1           
                abs_s1                               7E       7E        2         1

        CLASS   SFR0           

        CLASS   SFR1           

        CLASS   SFR2           

        CLASS   SFR3           

        CLASS   SFR4           

        CLASS   SFR5           

        CLASS   SFR6           

        CLASS   SFR7           

        CLASS   SFR8           

        CLASS   SFR9           

        CLASS   SFR10          

        CLASS   SFR11          

        CLASS   SFR12          

        CLASS   SFR13          

        CLASS   SFR14          

        CLASS   SFR15          

        CLASS   SFR16          

        CLASS   SFR17          

        CLASS   SFR18          

        CLASS   SFR19          

        CLASS   SFR20          

        CLASS   SFR21          

        CLASS   SFR22          

        CLASS   SFR23          

        CLASS   SFR24          

        CLASS   SFR25          

        CLASS   SFR26          

        CLASS   SFR27          

        CLASS   SFR28          

        CLASS   SFR29          

        CLASS   SFR30          

        CLASS   SFR31          

        CLASS   SFR32          

        CLASS   SFR33          

        CLASS   SFR34          

        CLASS   SFR35          

        CLASS   SFR36          

        CLASS   SFR37          

        CLASS   SFR38          

        CLASS   SFR39          

        CLASS   SFR40          

        CLASS   SFR41          

        CLASS   SFR42          

        CLASS   SFR43          

        CLASS   SFR44          

        CLASS   SFR45          

        CLASS   SFR46          

        CLASS   SFR47          

        CLASS   SFR48          

        CLASS   SFR49          

        CLASS   SFR50          

        CLASS   SFR51          

        CLASS   SFR52          

        CLASS   SFR53          

        CLASS   SFR54          

        CLASS   SFR55          

        CLASS   SFR56          

        CLASS   SFR57          

        CLASS   SFR58          

        CLASS   SFR59          

        CLASS   SFR60          

        CLASS   SFR61          

        CLASS   SFR62          

        CLASS   SFR63          

        CLASS   CONFIG         
                config                             8007     8007        5         4

        CLASS   IDLOC          

        CLASS   BANK63         

        CLASS   BANK62         

        CLASS   BANK61         

        CLASS   BANK60         

        CLASS   BANK59         

        CLASS   BANK58         

        CLASS   BANK57         

        CLASS   BANK56         

        CLASS   BANK55         

        CLASS   BANK54         

        CLASS   BANK53         

        CLASS   BANK52         

        CLASS   BANK51         

        CLASS   BANK50         

        CLASS   BANK49         

        CLASS   BANK48         

        CLASS   BANK47         

        CLASS   BANK46         

        CLASS   BANK45         

        CLASS   BANK44         

        CLASS   BANK43         

        CLASS   BANK42         

        CLASS   BANK41         

        CLASS   BANK40         

        CLASS   BANK39         

        CLASS   BANK38         

        CLASS   BANK37         

        CLASS   BANK36         

        CLASS   BANK35         

        CLASS   BANK34         

        CLASS   BANK33         

        CLASS   BANK32         

        CLASS   BANK31         

        CLASS   BANK30         

        CLASS   BANK29         

        CLASS   BANK28         

        CLASS   BANK27         

        CLASS   BANK26         

        CLASS   HEAP           

        CLASS   STACK          

        CLASS   EEDATA         



SEGMENTS        Name                           Load    Length   Top    Selector   Space  Class     Delta

                reset_vec                      000000  000004  000004         0       0  CODE        2
                cstackBANK0                    000020  000043  000063        20       1  BANK0       1
                cstackCOMMON                   000070  00000E  00007E        70       1  COMMON      1
                bssBANK1                       0000A0  000020  0000C0        A0       1  BANK1       1
                text22                         00022F  000001  000230       45E       0  CODE        2
                text21                         000230  000001  000231       460       0  CODE        2
                text43                         000231  000003  000234       462       0  CODE        2
                text42                         000234  000003  000237       468       0  CODE        2
                text20                         000237  000004  00023B       46E       0  CODE        2
                text19                         00023B  000004  00023F       476       0  CODE        2
                text14                         00023F  000004  000243       47E       0  CODE        2
                text13                         000243  000004  000247       486       0  CODE        2
                text23                         000247  000005  00024C       48E       0  CODE        2
                text30                         00024C  000006  000252       498       0  CODE        2
                clrtext                        000252  000006  000258       4A4       0  CODE        2
                text27                         000258  000009  000261       4B0       0  CODE        2
                text2                          000261  000009  00026A       4C2       0  CODE        2
                text37                         00026A  00000A  000274       4D4       0  CODE        2
                text29                         000274  00000A  00027E       4E8       0  CODE        2
                text36                         00027E  00000C  00028A       4FC       0  CODE        2
                text35                         00028A  00000C  000296       514       0  CODE        2
                text33                         000296  00000C  0002A2       52C       0  CODE        2
                text32                         0002A2  00000C  0002AE       544       0  CODE        2
                text17                         0002AE  00000C  0002BA       55C       0  CODE        2
                text38                         0002BA  00000E  0002C8       574       0  CODE        2
                text4                          0002C8  00000E  0002D6       590       0  CODE        2
                text25                         0002D6  00000F  0002E5       5AC       0  CODE        2
                text16                         0002E5  00000F  0002F4       5CA       0  CODE        2
                text15                         0002F4  00000F  000303       5E8       0  CODE        2
                text12                         000303  00000F  000312       606       0  CODE        2
                text9                          000312  00000F  000321       624       0  CODE        2
                text5                          000321  000010  000331       642       0  CODE        2
                text26                         000331  000013  000344       662       0  CODE        2
                text24                         000344  000017  00035B       688       0  CODE        2
                text31                         00035B  00001C  000377       6B6       0  CODE        2
                text34                         000377  00001D  000394       6EE       0  CODE        2
                text41                         000394  00001F  0003B3       728       0  CODE        2
                text6                          0003B3  000020  0003D3       766       0  CODE        2
                text39                         0003D3  000026  0003F9       7A6       0  CODE        2
                text18                         0003F9  00002A  000423       7F2       0  CODE        2
                text1                          000423  000030  000453       846       0  CODE        2
                text10                         000453  000032  000485       8A6       0  CODE        2
                text3                          000485  000039  0004BE       90A       0  CODE        2
                text11                         0004BE  00003A  0004F8       97C       0  CODE        2
                text28                         0004F8  00005A  000552       9F0       0  CODE        2
                text8                          000552  00005C  0005AE       AA4       0  CODE        2
                text40                         0005AE  00006C  00061A       B5C       0  CODE        2
                maintext                       00061A  000075  00068F       C34       0  CODE        2
                text7                          00068F  00015E  0007ED       D1E       0  CODE        2
                cinit                          0007ED  000013  000800       FDA       0  CODE        2
                stringtext1                    000800  0000EE  0008EE      1000       0  STRCODE     2


UNUSED ADDRESS RANGES

        Name                Unused          Largest block    Delta
        BANK0            00063-0006F               D           1
        BANK1            000C0-000EF              30           1
        BANK10           00520-0056F              50           1
        BANK11           005A0-005EF              50           1
        BANK12           00620-0066F              50           1
        BANK13           006A0-006EF              50           1
        BANK14           00720-0076F              50           1
        BANK15           007A0-007EF              50           1
        BANK16           00820-0086F              50           1
        BANK17           008A0-008EF              50           1
        BANK18           00920-0096F              50           1
        BANK19           009A0-009EF              50           1
        BANK2            00120-0016F              50           1
        BANK20           00A20-00A6F              50           1
        BANK21           00AA0-00AEF              50           1
        BANK22           00B20-00B6F              50           1
        BANK23           00BA0-00BEF              50           1
        BANK24           00C20-00C6F              50           1
        BANK25           00CA0-00CBF              20           1
        BANK3            001A0-001EF              50           1
        BANK4            00220-0026F              50           1
        BANK5            002A0-002EF              50           1
        BANK6            00320-0036F              50           1
        BANK7            003A0-003EF              50           1
        BANK8            00420-0046F              50           1
        BANK9            004A0-004EF              50           1
        BIGRAM           02000-027EF             7F0           1
        CODE             00004-0022E             22B           2
                         008EE-03FFF             800
        CONST            00004-0022E             100           2
                         008EE-03FFF             100
        ENTRY            00004-0022E             100           2
                         008EE-03FFF             100
        IDLOC            08000-08003               4           2
        RAM              00063-0006F               D           1
                         000C0-000EF              30
                         00120-0016F              50
                         001A0-001EF              50
                         00220-0026F              50
                         002A0-002EF              50
                         00320-0036F              50
                         003A0-003EF              50
                         00420-0046F              50
                         004A0-004EF              50
                         00520-0056F              50
                         005A0-005EF              50
                         00620-0066F              50
                         006A0-006EF              50
                         00720-0076F              50
                         007A0-007EF              50
                         00820-0086F              50
                         008A0-008EF              50
                         00920-0096F              50
                         009A0-009EF              50
                         00A20-00A6F              50
                         00AA0-00AEF              50
                         00B20-00B6F              50
                         00BA0-00BEF              50
                         00C20-00C6F              50
                         00CA0-00CBF              20
        SFR0             00000-0001F              20           1
        SFR1             00080-0009F              20           1
        SFR10            00500-0051F              20           1
        SFR11            00580-0059F              20           1
        SFR12            00600-0061F              20           1
        SFR13            00680-0069F              20           1
        SFR14            00700-0071F              20           1
        SFR15            00780-0079F              20           1
        SFR16            00800-0081F              20           1
        SFR17            00880-0089F              20           1
        SFR18            00900-0091F              20           1
        SFR19            00980-0099F              20           1
        SFR2             00100-0011F              20           1
        SFR20            00A00-00A1F              20           1
        SFR21            00A80-00A9F              20           1
        SFR22            00B00-00B1F              20           1
        SFR23            00B80-00B9F              20           1
        SFR24            00C00-00C1F              20           1
        SFR25            00C80-00C9F              20           1
        SFR26            00D00-00D6F              70           1
        SFR27            00D80-00DEF              70           1
        SFR28            00E00-00E6F              70           1
        SFR29            00E80-00EEF              70           1
        SFR3             00180-0019F              20           1
        SFR30            00F00-00F6F              70           1
        SFR31            00F80-00FEF              70           1
        SFR32            01000-0106F              70           1
        SFR33            01080-010EF              70           1
        SFR34            01100-0116F              70           1
        SFR35            01180-011EF              70           1
        SFR36            01200-0126F              70           1
        SFR37            01280-012EF              70           1
        SFR38            01300-0136F              70           1
        SFR39            01380-013EF              70           1
        SFR4             00200-0021F              20           1
        SFR40            01400-0146F              70           1
        SFR41            01480-014EF              70           1
        SFR42            01500-0156F              70           1
        SFR43            01580-015EF              70           1
        SFR44            01600-0166F              70           1
        SFR45            01680-016EF              70           1
        SFR46            01700-0176F              70           1
        SFR47            01780-017EF              70           1
        SFR48            01800-0186F              70           1
        SFR49            01880-018EF              70           1
        SFR5             00280-0029F              20           1
        SFR50            01900-0196F              70           1
        SFR51            01980-019EF              70           1
        SFR52            01A00-01A6F              70           1
        SFR53            01A80-01AEF              70           1
        SFR54            01B00-01B6F              70           1
        SFR55            01B80-01BEF              70           1
        SFR56            01C00-01C6F              70           1
        SFR57            01C80-01CEF              70           1
        SFR58            01D00-01D6F              70           1
        SFR59            01D80-01DEF              70           1
        SFR6             00300-0031F              20           1
        SFR60            01E00-01E6F              70           1
        SFR61            01E80-01EEF              70           1
        SFR62            01F00-01F6F              70           1
        SFR63            01F80-01FEF              70           1
        SFR7             00380-0039F              20           1
        SFR8             00400-0041F              20           1
        SFR9             00480-0049F              20           1
        STRCODE          00004-0022E             22B           2
                         008EE-03FFF            3712
        STRING           00004-0022E             100           2
                         008EE-03FFF             100

                                  Symbol Table

?_SPI_Read                                           cstackBANK0  0003F
?___lwdiv                                            cstackCOMMON 00070
?___lwmod                                            cstackCOMMON 00070
?___wmul                                             cstackCOMMON 00070
?_printf                                             cstackBANK0  00038
?_read_temperature                                   cstackBANK0  0004A
?_vfprintf                                           cstackBANK0  00033
EUSART1_FramingErrorCallbackRegister@callbackHandler cstackCOMMON 00070
EUSART1_OverrunErrorCallbackRegister@callbackHandler cstackCOMMON 00070
EUSART1_Write@txData                                 cstackCOMMON 00070
EUSART2_FramingErrorCallbackRegister@callbackHandler cstackCOMMON 00070
EUSART2_OverrunErrorCallbackRegister@callbackHandler cstackCOMMON 00070
EUSART2_Write@txData                                 cstackCOMMON 00070
Error_Handler@message                                cstackBANK0  0003D
INT_SetInterruptHandler@InterruptHandler             cstackCOMMON 00070
SPI1_BufferExchange@bufferData                       cstackCOMMON 00070
SPI1_BufferExchange@bufferInput                      cstackCOMMON 00075
SPI1_BufferExchange@bufferInputSize                  cstackCOMMON 00073
SPI1_BufferExchange@bufferSize                       cstackCOMMON 00071
SPI1_Open@returnValue                                cstackCOMMON 00079
SPI1_Open@spiConfigIndex                             cstackCOMMON 00076
SPI_Read@buffer                                      cstackBANK0  00048
SPI_Read@data                                        cstackBANK0  00046
SPI_Write@buffer                                     cstackCOMMON 00078
SPI_Write@data                                       cstackCOMMON 00076
UART2_SendChar@data                                  cstackCOMMON 00071
UART2_SendString@str                                 cstackCOMMON 00072
UART_SendChar@data                                   cstackCOMMON 00071
_ANSA0                                               (abs)        0F9C0
_ANSELA                                              (abs)        01F38
_ANSELB                                              (abs)        01F43
_ANSELC                                              (abs)        01F4E
_ANSELD                                              (abs)        01F59
_ANSELE                                              (abs)        01F64
_BAUD1CON                                            (abs)        0011F
_BAUD1CONbits                                        (abs)        0011F
_BAUD2CON                                            (abs)        00A1F
_BAUD2CONbits                                        (abs)        00A1F
_CLOCK_Initialize                                    text37       0026A
_EUSART1_AutoBaudQuery                               (abs)        00000
_EUSART1_AutoBaudSet                                 (abs)        00000
_EUSART1_DefaultFramingErrorCallback                 text21       00230
_EUSART1_DefaultOverrunErrorCallback                 text19       0023B
_EUSART1_Deinitialize                                (abs)        00000
_EUSART1_ErrorGet                                    (abs)        00000
_EUSART1_FramingErrorCallbackRegister                text36       0027E
_EUSART1_FramingErrorHandler                         bssBANK0     00056
_EUSART1_Initialize                                  text34       00377
_EUSART1_IsRxReady                                   text23       00247
_EUSART1_IsTxDone                                    (abs)        00000
_EUSART1_IsTxReady                                   text16       002E5
_EUSART1_IsTxReady$1187                              cstackCOMMON 00070
_EUSART1_OverrunErrorCallbackRegister                text35       0028A
_EUSART1_OverrunErrorHandler                         bssBANK0     00054
_EUSART1_Read                                        text18       003F9
_EUSART1_TransmitDisable                             (abs)        00000
_EUSART1_TransmitEnable                              (abs)        00000
_EUSART1_Write                                       text14       0023F
_EUSART2_AutoBaudQuery                               (abs)        00000
_EUSART2_AutoBaudSet                                 (abs)        00000
_EUSART2_DefaultFramingErrorCallback                 text22       0022F
_EUSART2_DefaultOverrunErrorCallback                 text20       00237
_EUSART2_Deinitialize                                (abs)        00000
_EUSART2_Enable                                      text43       00231
_EUSART2_ErrorGet                                    (abs)        00000
_EUSART2_FramingErrorCallbackRegister                text33       00296
_EUSART2_FramingErrorHandler                         bssBANK0     0005C
_EUSART2_Initialize                                  text31       0035B
_EUSART2_IsRxReady                                   (abs)        00000
_EUSART2_IsTxDone                                    (abs)        00000
_EUSART2_IsTxReady                                   text15       002F4
_EUSART2_IsTxReady$810                               cstackCOMMON 00070
_EUSART2_OverrunErrorCallbackRegister                text32       002A2
_EUSART2_OverrunErrorHandler                         bssBANK0     0005A
_EUSART2_Read                                        (abs)        00000
_EUSART2_TransmitDisable                             (abs)        00000
_EUSART2_TransmitEnable                              text42       00234
_EUSART2_Write                                       text13       00243
_Error_Handler                                       text4        002C8
_INLVLA                                              (abs)        01F3C
_INLVLB                                              (abs)        01F47
_INLVLC                                              (abs)        01F52
_INLVLD                                              (abs)        01F5D
_INLVLE                                              (abs)        01F68
_INTERRUPT_Initialize                                text29       00274
_INT_DefaultInterruptHandler                         (abs)        00000
_INT_InterruptHandler                                bssBANK0     00060
_INT_SetInterruptHandler                             text30       0024C
_IOCAF                                               (abs)        01F3F
_IOCAN                                               (abs)        01F3E
_IOCAP                                               (abs)        01F3D
_IOCBF                                               (abs)        01F4A
_IOCBN                                               (abs)        01F49
_IOCBP                                               (abs)        01F48
_IOCCF                                               (abs)        01F55
_IOCCN                                               (abs)        01F54
_IOCCP                                               (abs)        01F53
_IOCEF                                               (abs)        01F6B
_IOCEN                                               (abs)        01F6A
_IOCEP                                               (abs)        01F69
_LATA                                                (abs)        00018
_LATB                                                (abs)        00019
_LATB3                                               (abs)        000CB
_LATC                                                (abs)        0001A
_LATD                                                (abs)        0001B
_LATD2                                               (abs)        000DA
_LATE                                                (abs)        0001C
_ODCONA                                              (abs)        01F3A
_ODCONB                                              (abs)        01F45
_ODCONC                                              (abs)        01F50
_ODCOND                                              (abs)        01F5B
_ODCONE                                              (abs)        01F66
_OSCCON1                                             (abs)        0088D
_OSCCON3                                             (abs)        0088F
_OSCEN                                               (abs)        00891
_OSCFRQ                                              (abs)        00893
_OSCTUNE                                             (abs)        00892
_PIE3bits                                            (abs)        00719
_PIN_MANAGER_Initialize                              text28       004F8
_PIR0bits                                            (abs)        0070C
_PIR3bits                                            (abs)        0070F
_RB5PPS                                              (abs)        01F1D
_RB6PPS                                              (abs)        01F1E
_RC1REG                                              (abs)        00119
_RC1STA                                              (abs)        0011D
_RC1STAbits                                          (abs)        0011D
_RC2REG                                              (abs)        00A19
_RC2STA                                              (abs)        00A1D
_RC2STAbits                                          (abs)        00A1D
_RC6PPS                                              (abs)        01F26
_RD0PPS                                              (abs)        01F28
_RX1DTPPS                                            (abs)        01ECB
_RX2DTPPS                                            (abs)        01ECD
_SLRCONA                                             (abs)        01F3B
_SLRCONB                                             (abs)        01F46
_SLRCONC                                             (abs)        01F51
_SLRCOND                                             (abs)        01F5C
_SLRCONE                                             (abs)        01F67
_SP1BRGH                                             (abs)        0011C
_SP1BRGL                                             (abs)        0011B
_SP2BRGH                                             (abs)        00A1C
_SP2BRGL                                             (abs)        00A1B
_SPI1_BufferExchange                                 text39       003D3
_SPI1_BufferRead                                     (abs)        00000
_SPI1_BufferWrite                                    (abs)        00000
_SPI1_ByteExchange                                   (abs)        00000
_SPI1_ByteRead                                       (abs)        00000
_SPI1_ByteWrite                                      (abs)        00000
_SPI1_Close                                          (abs)        00000
_SPI1_Deinitialize                                   (abs)        00000
_SPI1_Initialize                                     text27       00258
_SPI1_IsRxReady                                      (abs)        00000
_SPI1_IsTxReady                                      (abs)        00000
_SPI1_Open                                           text40       005AE
_SPI_Read                                            text3        00485
_SPI_Write                                           text38       002BA
_SSP1ADD                                             (abs)        0018D
_SSP1BUF                                             (abs)        0018C
_SSP1CLKPPS                                          (abs)        01EC5
_SSP1CON1                                            (abs)        00190
_SSP1CON1bits                                        (abs)        00190
_SSP1CON3                                            (abs)        00192
_SSP1DATPPS                                          (abs)        01EC6
_SSP1STAT                                            (abs)        0018F
_SYSTEM_Initialize                                   text26       00331
_TRISA                                               (abs)        00012
_TRISAbits                                           (abs)        00012
_TRISB                                               (abs)        00013
_TRISC                                               (abs)        00014
_TRISD                                               (abs)        00015
_TRISE                                               (abs)        00016
_TX1REG                                              (abs)        0011A
_TX1STA                                              (abs)        0011E
_TX1STAbits                                          (abs)        0011E
_TX2REG                                              (abs)        00A1A
_TX2STA                                              (abs)        00A1E
_TX2STAbits                                          (abs)        00A1E
_UART2                                               stringtext2  00830
_UART2_SendChar                                      text25       002D6
_UART2_SendString                                    text24       00344
_UART_ReceiveChar                                    text17       002AE
_UART_SendChar                                       text12       00303
_WPUA                                                (abs)        01F39
_WPUB                                                (abs)        01F44
_WPUC                                                (abs)        01F4F
_WPUD                                                (abs)        01F5A
_WPUE                                                (abs)        01F65
__H__absolute__                                      __absolute__ 00000
__Habs1                                              abs1         00000
__Hbank0                                             bank0        00000
__Hbank1                                             bank1        00000
__Hbank10                                            bank10       00000
__Hbank11                                            bank11       00000
__Hbank12                                            bank12       00000
__Hbank13                                            bank13       00000
__Hbank14                                            bank14       00000
__Hbank15                                            bank15       00000
__Hbank16                                            bank16       00000
__Hbank17                                            bank17       00000
__Hbank18                                            bank18       00000
__Hbank19                                            bank19       00000
__Hbank2                                             bank2        00000
__Hbank20                                            bank20       00000
__Hbank21                                            bank21       00000
__Hbank22                                            bank22       00000
__Hbank23                                            bank23       00000
__Hbank24                                            bank24       00000
__Hbank25                                            bank25       00000
__Hbank26                                            bank26       00000
__Hbank27                                            bank27       00000
__Hbank28                                            bank28       00000
__Hbank29                                            bank29       00000
__Hbank3                                             bank3        00000
__Hbank30                                            bank30       00000
__Hbank31                                            bank31       00000
__Hbank32                                            bank32       00000
__Hbank33                                            bank33       00000
__Hbank34                                            bank34       00000
__Hbank35                                            bank35       00000
__Hbank36                                            bank36       00000
__Hbank37                                            bank37       00000
__Hbank38                                            bank38       00000
__Hbank39                                            bank39       00000
__Hbank4                                             bank4        00000
__Hbank40                                            bank40       00000
__Hbank41                                            bank41       00000
__Hbank42                                            bank42       00000
__Hbank43                                            bank43       00000
__Hbank44                                            bank44       00000
__Hbank45                                            bank45       00000
__Hbank46                                            bank46       00000
__Hbank47                                            bank47       00000
__Hbank48                                            bank48       00000
__Hbank49                                            bank49       00000
__Hbank5                                             bank5        00000
__Hbank50                                            bank50       00000
__Hbank51                                            bank51       00000
__Hbank52                                            bank52       00000
__Hbank53                                            bank53       00000
__Hbank54                                            bank54       00000
__Hbank55                                            bank55       00000
__Hbank56                                            bank56       00000
__Hbank57                                            bank57       00000
__Hbank58                                            bank58       00000
__Hbank59                                            bank59       00000
__Hbank6                                             bank6        00000
__Hbank60                                            bank60       00000
__Hbank61                                            bank61       00000
__Hbank62                                            bank62       00000
__Hbank63                                            bank63       00000
__Hbank7                                             bank7        00000
__Hbank8                                             bank8        00000
__Hbank9                                             bank9        00000
__Hbigram                                            bigram       00000
__HbssBANK0                                          bssBANK0     00000
__HbssBANK1                                          bssBANK1     00000
__Hcinit                                             cinit        00800
__Hclrtext                                           clrtext      00000
__Hcode                                              code         00000
__Hcommon                                            common       00000
__Hconfig                                            config       0800C
__HcstackBANK0                                       cstackBANK0  00000
__HcstackCOMMON                                      cstackCOMMON 00000
__Heeprom_data                                       eeprom_data  00000
__Hend_init                                          end_init     00004
__Hfunctab                                           functab      00000
__Hheap                                              heap         00000
__Hinit                                              init         00002
__Hintentry                                          intentry     00002
__Hmaintext                                          maintext     00000
__Hpowerup                                           powerup      00000
__Hram                                               ram          00000
__Hreset_vec                                         reset_vec    00002
__Hsfr0                                              sfr0         00000
__Hsfr1                                              sfr1         00000
__Hsfr10                                             sfr10        00000
__Hsfr11                                             sfr11        00000
__Hsfr12                                             sfr12        00000
__Hsfr13                                             sfr13        00000
__Hsfr14                                             sfr14        00000
__Hsfr15                                             sfr15        00000
__Hsfr16                                             sfr16        00000
__Hsfr17                                             sfr17        00000
__Hsfr18                                             sfr18        00000
__Hsfr19                                             sfr19        00000
__Hsfr2                                              sfr2         00000
__Hsfr20                                             sfr20        00000
__Hsfr21                                             sfr21        00000
__Hsfr22                                             sfr22        00000
__Hsfr23                                             sfr23        00000
__Hsfr24                                             sfr24        00000
__Hsfr25                                             sfr25        00000
__Hsfr26                                             sfr26        00000
__Hsfr27                                             sfr27        00000
__Hsfr28                                             sfr28        00000
__Hsfr29                                             sfr29        00000
__Hsfr3                                              sfr3         00000
__Hsfr30                                             sfr30        00000
__Hsfr31                                             sfr31        00000
__Hsfr32                                             sfr32        00000
__Hsfr33                                             sfr33        00000
__Hsfr34                                             sfr34        00000
__Hsfr35                                             sfr35        00000
__Hsfr36                                             sfr36        00000
__Hsfr37                                             sfr37        00000
__Hsfr38                                             sfr38        00000
__Hsfr39                                             sfr39        00000
__Hsfr4                                              sfr4         00000
__Hsfr40                                             sfr40        00000
__Hsfr41                                             sfr41        00000
__Hsfr42                                             sfr42        00000
__Hsfr43                                             sfr43        00000
__Hsfr44                                             sfr44        00000
__Hsfr45                                             sfr45        00000
__Hsfr46                                             sfr46        00000
__Hsfr47                                             sfr47        00000
__Hsfr48                                             sfr48        00000
__Hsfr49                                             sfr49        00000
__Hsfr5                                              sfr5         00000
__Hsfr50                                             sfr50        00000
__Hsfr51                                             sfr51        00000
__Hsfr52                                             sfr52        00000
__Hsfr53                                             sfr53        00000
__Hsfr54                                             sfr54        00000
__Hsfr55                                             sfr55        00000
__Hsfr56                                             sfr56        00000
__Hsfr57                                             sfr57        00000
__Hsfr58                                             sfr58        00000
__Hsfr59                                             sfr59        00000
__Hsfr6                                              sfr6         00000
__Hsfr60                                             sfr60        00000
__Hsfr61                                             sfr61        00000
__Hsfr62                                             sfr62        00000
__Hsfr63                                             sfr63        00000
__Hsfr7                                              sfr7         00000
__Hsfr8                                              sfr8         00000
__Hsfr9                                              sfr9         00000
__Hsivt                                              sivt         00002
__Hspace_0                                           (abs)        008EE
__Hspace_1                                           (abs)        000C0
__Hspace_2                                           (abs)        00000
__Hspace_3                                           (abs)        00000
__Hspace_4                                           (abs)        10013
__Hstack                                             stack        00000
__Hstrings                                           strings      00000
__Hstringtext1                                       stringtext1  00000
__Hstringtext10                                      stringtext10 00000
__Hstringtext11                                      stringtext11 00000
__Hstringtext2                                       stringtext2  00000
__Hstringtext3                                       stringtext3  00000
__Hstringtext4                                       stringtext4  00000
__Hstringtext5                                       stringtext5  00000
__Hstringtext6                                       stringtext6  00000
__Hstringtext7                                       stringtext7  00000
__Hstringtext8                                       stringtext8  00000
__Hstringtext9                                       stringtext9  00000
__Htext                                              text         00000
__L__absolute__                                      __absolute__ 00000
__Labs1                                              abs1         00000
__Lbank0                                             bank0        00000
__Lbank1                                             bank1        00000
__Lbank10                                            bank10       00000
__Lbank11                                            bank11       00000
__Lbank12                                            bank12       00000
__Lbank13                                            bank13       00000
__Lbank14                                            bank14       00000
__Lbank15                                            bank15       00000
__Lbank16                                            bank16       00000
__Lbank17                                            bank17       00000
__Lbank18                                            bank18       00000
__Lbank19                                            bank19       00000
__Lbank2                                             bank2        00000
__Lbank20                                            bank20       00000
__Lbank21                                            bank21       00000
__Lbank22                                            bank22       00000
__Lbank23                                            bank23       00000
__Lbank24                                            bank24       00000
__Lbank25                                            bank25       00000
__Lbank26                                            bank26       00000
__Lbank27                                            bank27       00000
__Lbank28                                            bank28       00000
__Lbank29                                            bank29       00000
__Lbank3                                             bank3        00000
__Lbank30                                            bank30       00000
__Lbank31                                            bank31       00000
__Lbank32                                            bank32       00000
__Lbank33                                            bank33       00000
__Lbank34                                            bank34       00000
__Lbank35                                            bank35       00000
__Lbank36                                            bank36       00000
__Lbank37                                            bank37       00000
__Lbank38                                            bank38       00000
__Lbank39                                            bank39       00000
__Lbank4                                             bank4        00000
__Lbank40                                            bank40       00000
__Lbank41                                            bank41       00000
__Lbank42                                            bank42       00000
__Lbank43                                            bank43       00000
__Lbank44                                            bank44       00000
__Lbank45                                            bank45       00000
__Lbank46                                            bank46       00000
__Lbank47                                            bank47       00000
__Lbank48                                            bank48       00000
__Lbank49                                            bank49       00000
__Lbank5                                             bank5        00000
__Lbank50                                            bank50       00000
__Lbank51                                            bank51       00000
__Lbank52                                            bank52       00000
__Lbank53                                            bank53       00000
__Lbank54                                            bank54       00000
__Lbank55                                            bank55       00000
__Lbank56                                            bank56       00000
__Lbank57                                            bank57       00000
__Lbank58                                            bank58       00000
__Lbank59                                            bank59       00000
__Lbank6                                             bank6        00000
__Lbank60                                            bank60       00000
__Lbank61                                            bank61       00000
__Lbank62                                            bank62       00000
__Lbank63                                            bank63       00000
__Lbank7                                             bank7        00000
__Lbank8                                             bank8        00000
__Lbank9                                             bank9        00000
__Lbigram                                            bigram       00000
__LbssBANK0                                          bssBANK0     00000
__LbssBANK1                                          bssBANK1     00000
__Lcinit                                             cinit        007ED
__Lclrtext                                           clrtext      00000
__Lcode                                              code         00000
__Lcommon                                            common       00000
__Lconfig                                            config       00000
__LcstackBANK0                                       cstackBANK0  00000
__LcstackCOMMON                                      cstackCOMMON 00000
__Leeprom_data                                       eeprom_data  00000
__Lend_init                                          end_init     00002
__Lfunctab                                           functab      00000
__Lheap                                              heap         00000
__Linit                                              init         00002
__Lintentry                                          intentry     00002
__Lmaintext                                          maintext     00000
__Lpowerup                                           powerup      00000
__Lram                                               ram          00000
__Lreset_vec                                         reset_vec    00000
__Lsfr0                                              sfr0         00000
__Lsfr1                                              sfr1         00000
__Lsfr10                                             sfr10        00000
__Lsfr11                                             sfr11        00000
__Lsfr12                                             sfr12        00000
__Lsfr13                                             sfr13        00000
__Lsfr14                                             sfr14        00000
__Lsfr15                                             sfr15        00000
__Lsfr16                                             sfr16        00000
__Lsfr17                                             sfr17        00000
__Lsfr18                                             sfr18        00000
__Lsfr19                                             sfr19        00000
__Lsfr2                                              sfr2         00000
__Lsfr20                                             sfr20        00000
__Lsfr21                                             sfr21        00000
__Lsfr22                                             sfr22        00000
__Lsfr23                                             sfr23        00000
__Lsfr24                                             sfr24        00000
__Lsfr25                                             sfr25        00000
__Lsfr26                                             sfr26        00000
__Lsfr27                                             sfr27        00000
__Lsfr28                                             sfr28        00000
__Lsfr29                                             sfr29        00000
__Lsfr3                                              sfr3         00000
__Lsfr30                                             sfr30        00000
__Lsfr31                                             sfr31        00000
__Lsfr32                                             sfr32        00000
__Lsfr33                                             sfr33        00000
__Lsfr34                                             sfr34        00000
__Lsfr35                                             sfr35        00000
__Lsfr36                                             sfr36        00000
__Lsfr37                                             sfr37        00000
__Lsfr38                                             sfr38        00000
__Lsfr39                                             sfr39        00000
__Lsfr4                                              sfr4         00000
__Lsfr40                                             sfr40        00000
__Lsfr41                                             sfr41        00000
__Lsfr42                                             sfr42        00000
__Lsfr43                                             sfr43        00000
__Lsfr44                                             sfr44        00000
__Lsfr45                                             sfr45        00000
__Lsfr46                                             sfr46        00000
__Lsfr47                                             sfr47        00000
__Lsfr48                                             sfr48        00000
__Lsfr49                                             sfr49        00000
__Lsfr5                                              sfr5         00000
__Lsfr50                                             sfr50        00000
__Lsfr51                                             sfr51        00000
__Lsfr52                                             sfr52        00000
__Lsfr53                                             sfr53        00000
__Lsfr54                                             sfr54        00000
__Lsfr55                                             sfr55        00000
__Lsfr56                                             sfr56        00000
__Lsfr57                                             sfr57        00000
__Lsfr58                                             sfr58        00000
__Lsfr59                                             sfr59        00000
__Lsfr6                                              sfr6         00000
__Lsfr60                                             sfr60        00000
__Lsfr61                                             sfr61        00000
__Lsfr62                                             sfr62        00000
__Lsfr63                                             sfr63        00000
__Lsfr7                                              sfr7         00000
__Lsfr8                                              sfr8         00000
__Lsfr9                                              sfr9         00000
__Lsivt                                              sivt         00002
__Lspace_0                                           (abs)        00000
__Lspace_1                                           (abs)        00000
__Lspace_2                                           (abs)        00000
__Lspace_3                                           (abs)        00000
__Lspace_4                                           (abs)        00000
__Lstack                                             stack        00000
__Lstrings                                           strings      00000
__Lstringtext1                                       stringtext1  00000
__Lstringtext10                                      stringtext10 00000
__Lstringtext11                                      stringtext11 00000
__Lstringtext2                                       stringtext2  00000
__Lstringtext3                                       stringtext3  00000
__Lstringtext4                                       stringtext4  00000
__Lstringtext5                                       stringtext5  00000
__Lstringtext6                                       stringtext6  00000
__Lstringtext7                                       stringtext7  00000
__Lstringtext8                                       stringtext8  00000
__Lstringtext9                                       stringtext9  00000
__Ltext                                              text         00000
__S0                                                 (abs)        008EE
__S1                                                 (abs)        000C0
___heap_hi                                           (abs)        00000
___heap_lo                                           (abs)        00000
___int_sp                                            stack        00000
___int_stack_hi                                      stack        00000
___int_stack_lo                                      stack        00000
___latbits                                           (abs)        00003
___lwdiv                                             text11       004BE
___lwdiv@counter                                     cstackCOMMON 00076
___lwdiv@dividend                                    cstackCOMMON 00072
___lwdiv@divisor                                     cstackCOMMON 00070
___lwdiv@quotient                                    cstackCOMMON 00074
___lwmod                                             text10       00453
___lwmod@counter                                     cstackCOMMON 00074
___lwmod@dividend                                    cstackCOMMON 00072
___lwmod@divisor                                     cstackCOMMON 00070
___sp                                                stack        00000
___stack_hi                                          stack        00000
___stack_lo                                          stack        00000
___stackhi                                           (abs)        00000
___stacklo                                           (abs)        00000
___wmul                                              text41       00394
___wmul@multiplicand                                 cstackCOMMON 00072
___wmul@multiplier                                   cstackCOMMON 00070
___wmul@product                                      cstackCOMMON 00074
__end_of_CLOCK_Initialize                            text37       00274
__end_of_EUSART1_DefaultFramingErrorCallback         text21       00231
__end_of_EUSART1_DefaultOverrunErrorCallback         text19       0023F
__end_of_EUSART1_FramingErrorCallbackRegister        text36       0028A
__end_of_EUSART1_Initialize                          text34       00394
__end_of_EUSART1_IsRxReady                           text23       0024C
__end_of_EUSART1_IsTxReady                           text16       002F4
__end_of_EUSART1_OverrunErrorCallbackRegister        text35       00296
__end_of_EUSART1_Read                                text18       00423
__end_of_EUSART1_Write                               text14       00243
__end_of_EUSART2_DefaultFramingErrorCallback         text22       00230
__end_of_EUSART2_DefaultOverrunErrorCallback         text20       0023B
__end_of_EUSART2_Enable                              text43       00234
__end_of_EUSART2_FramingErrorCallbackRegister        text33       002A2
__end_of_EUSART2_Initialize                          text31       00377
__end_of_EUSART2_IsTxReady                           text15       00303
__end_of_EUSART2_OverrunErrorCallbackRegister        text32       002AE
__end_of_EUSART2_TransmitEnable                      text42       00237
__end_of_EUSART2_Write                               text13       00247
__end_of_Error_Handler                               text4        002D6
__end_of_INTERRUPT_Initialize                        text29       0027E
__end_of_INT_SetInterruptHandler                     text30       00252
__end_of_PIN_MANAGER_Initialize                      text28       00552
__end_of_SPI1_BufferExchange                         text39       003F9
__end_of_SPI1_Host                                   stringtext3  00899
__end_of_SPI1_Initialize                             text27       00261
__end_of_SPI1_Open                                   text40       0061A
__end_of_SPI_Read                                    text3        004BE
__end_of_SPI_Write                                   text38       002C8
__end_of_SYSTEM_Initialize                           text26       00344
__end_of_UART1                                       stringtext1  00830
__end_of_UART2                                       stringtext2  00860
__end_of_UART2_SendChar                              text25       002E5
__end_of_UART2_SendString                            text24       0035B
__end_of_UART_ReceiveChar                            text17       002BA
__end_of_UART_SendChar                               text12       00312
__end_of___lwdiv                                     text11       004F8
__end_of___lwmod                                     text10       00485
__end_of___wmul                                      text41       003B3
__end_of__initialization                             cinit        007FD
__end_of_fputc                                       text8        005AE
__end_of_main                                        maintext     0068F
__end_of_printf                                      text5        00331
__end_of_putch                                       text9        00321
__end_of_read_temperature                            text2        0026A
__end_of_spi1_configuration                          stringtext4  0086A
__end_of_test1                                       text1        00453
__end_of_vfpfcnvrt                                   text7        007ED
__end_of_vfprintf                                    text6        003D3
__initialization                                     cinit        007ED
__pbssBANK0                                          bssBANK0     00050
__pbssBANK1                                          bssBANK1     000A0
__pcstackBANK0                                       cstackBANK0  00020
__pcstackCOMMON                                      cstackCOMMON 00070
__pmaintext                                          maintext     0061A
__pstringtext1                                       stringtext1  00800
__pstringtext10                                      stringtext10 008E7
__pstringtext11                                      stringtext11 00000
__pstringtext2                                       stringtext2  00830
__pstringtext3                                       stringtext3  0087D
__pstringtext4                                       stringtext4  00860
__pstringtext5                                       stringtext5  00899
__pstringtext6                                       stringtext6  008AC
__pstringtext7                                       stringtext7  008BE
__pstringtext8                                       stringtext8  008CD
__pstringtext9                                       stringtext9  008DC
__ptext1                                             text1        00423
__ptext10                                            text10       00453
__ptext11                                            text11       004BE
__ptext12                                            text12       00303
__ptext13                                            text13       00243
__ptext14                                            text14       0023F
__ptext15                                            text15       002F4
__ptext16                                            text16       002E5
__ptext17                                            text17       002AE
__ptext18                                            text18       003F9
__ptext19                                            text19       0023B
__ptext2                                             text2        00261
__ptext20                                            text20       00237
__ptext21                                            text21       00230
__ptext22                                            text22       0022F
__ptext23                                            text23       00247
__ptext24                                            text24       00344
__ptext25                                            text25       002D6
__ptext26                                            text26       00331
__ptext27                                            text27       00258
__ptext28                                            text28       004F8
__ptext29                                            text29       00274
__ptext3                                             text3        00485
__ptext30                                            text30       0024C
__ptext31                                            text31       0035B
__ptext32                                            text32       002A2
__ptext33                                            text33       00296
__ptext34                                            text34       00377
__ptext35                                            text35       0028A
__ptext36                                            text36       0027E
__ptext37                                            text37       0026A
__ptext38                                            text38       002BA
__ptext39                                            text39       003D3
__ptext4                                             text4        002C8
__ptext40                                            text40       005AE
__ptext41                                            text41       00394
__ptext42                                            text42       00234
__ptext43                                            text43       00231
__ptext5                                             text5        00321
__ptext6                                             text6        003B3
__ptext7                                             text7        0068F
__ptext8                                             text8        00552
__ptext9                                             text9        00312
_dbuf                                                bssBANK1     000A0
_eusart1RxLastError                                  bssBANK0     00058
_eusart2RxLastError                                  bssBANK0     0005E
_flags                                               bssBANK0     00062
_fputc                                               text8        00552
_main                                                maintext     0061A
_prec                                                bssBANK0     00052
_printf                                              text5        00321
_putch                                               text9        00312
_read_temperature                                    text2        00261
_spi1_configuration                                  stringtext4  00860
_test1                                               text1        00423
_vfpfcnvrt                                           text7        0068F
_vfprintf                                            text6        003B3
_width                                               bssBANK0     00050
btemp                                                (abs)        0007E
clear_ram0                                           clrtext      00252
end_of_initialization                                cinit        007FD
fputc@c                                              cstackCOMMON 00072
fputc@fp                                             cstackCOMMON 00074
intlevel0                                            functab      00000
intlevel1                                            functab      00000
intlevel2                                            functab      00000
intlevel3                                            functab      00000
intlevel4                                            functab      00000
intlevel5                                            functab      00000
main@temperature                                     cstackBANK0  0004E
printf@ap                                            cstackBANK0  0003C
printf@fmt                                           cstackBANK0  00038
putch@data                                           cstackCOMMON 00071
reset_vec                                            reset_vec    00000
start                                                init         00002
start_initialization                                 cinit        007ED
test1@i                                              cstackCOMMON 00074
test1@loop                                           cstackCOMMON 00070
vfpfcnvrt@ap                                         cstackBANK0  00023
vfpfcnvrt@c                                          cstackBANK0  00032
vfpfcnvrt@convarg                                    cstackBANK0  0002E
vfpfcnvrt@cp                                         cstackBANK0  0002C
vfpfcnvrt@cp_1802                                    cstackBANK0  0002A
vfpfcnvrt@done                                       cstackBANK0  00029
vfpfcnvrt@fmt                                        cstackBANK0  00022
vfpfcnvrt@fp                                         cstackBANK0  00020
vfprintf@ap                                          cstackBANK0  00037
vfprintf@cfmt                                        cstackCOMMON 0007C
vfprintf@fmt                                         cstackBANK0  00035
vfprintf@fp                                          cstackBANK0  00033
wtemp0                                               (abs)        0007E


MODULE INFORMATION

Module		Function		Class		Link	Load	Size
C:\Program Files\Microchip\xc8\v2.50\pic\sources\c99\common\Umul16.c
		___wmul        		CODE           	0394	0000	31

C:\Program Files\Microchip\xc8\v2.50\pic\sources\c99\common\Umul16.c estimated size: 31

mcc_generated_files/spi/src/mssp1.c
		_SPI1_BufferExchange		CODE           	03D3	0000	38
		_SPI1_Open     		CODE           	05AE	0000	108
		_SPI1_Initialize		CODE           	0258	0000	9

mcc_generated_files/spi/src/mssp1.c estimated size: 155

C:\Program Files\Microchip\xc8\v2.50\pic\sources\c99\common\printf.c
		_printf        		CODE           	0321	0000	16

C:\Program Files\Microchip\xc8\v2.50\pic\sources\c99\common\printf.c estimated size: 16

C:\Program Files\Microchip\xc8\v2.50\pic\sources\c99\common\lwmod.c
		___lwmod       		CODE           	0453	0000	50

C:\Program Files\Microchip\xc8\v2.50\pic\sources\c99\common\lwmod.c estimated size: 50

mcc_generated_files/system/src/interrupt.c
		_INT_SetInterruptHandler		CODE           	024C	0000	6
		_INTERRUPT_Initialize		CODE           	0274	0000	10

mcc_generated_files/system/src/interrupt.c estimated size: 16

mcc_generated_files/uart/src/eusart2.c
		_EUSART2_Write 		CODE           	0243	0000	4
		_EUSART2_TransmitEnable		CODE           	0234	0000	3
		_EUSART2_Enable		CODE           	0231	0000	3
		_EUSART2_FramingErrorCallbackRegister		CODE           	0296	0000	12
		_EUSART2_IsTxReady		CODE           	02F4	0000	15
		_EUSART2_OverrunErrorCallbackRegister		CODE           	02A2	0000	12
		_EUSART2_DefaultOverrunErrorCallback		CODE           	0237	0000	4
		_EUSART2_Initialize		CODE           	035B	0000	28
		_EUSART2_DefaultFramingErrorCallback		CODE           	022F	0000	1

mcc_generated_files/uart/src/eusart2.c estimated size: 82

mcc_generated_files/system/src/pins.c
		_PIN_MANAGER_Initialize		CODE           	04F8	0000	90

mcc_generated_files/system/src/pins.c estimated size: 90

C:\Program Files\Microchip\xc8\v2.50\pic\sources\c99\common\nf_fputc.c
		_fputc         		CODE           	0552	0000	92

C:\Program Files\Microchip\xc8\v2.50\pic\sources\c99\common\nf_fputc.c estimated size: 92

shared
		__initialization		CODE           	07ED	0000	16
		_SPI1_Host     		STRCODE        	0000	0000	0
		_UART1         		STRCODE        	0000	0000	0
		_UART2         		STRCODE        	0830	0000	48
		_spi1_configuration		STRCODE        	0860	0000	10

shared estimated size: 74

C:\Program Files\Microchip\xc8\v2.50\pic\sources\c99\common\lwdiv.c
		___lwdiv       		CODE           	04BE	0000	58

C:\Program Files\Microchip\xc8\v2.50\pic\sources\c99\common\lwdiv.c estimated size: 58

C:\Program Files\Microchip\xc8\v2.50\pic\sources\c99\common\doprnt.c
		_vfpfcnvrt     		CODE           	068F	0000	350
		_vfprintf      		CODE           	03B3	0000	32

C:\Program Files\Microchip\xc8\v2.50\pic\sources\c99\common\doprnt.c estimated size: 382

mcc_generated_files/system/src/clock.c
		_CLOCK_Initialize		CODE           	026A	0000	10

mcc_generated_files/system/src/clock.c estimated size: 10

main.c
		_read_temperature		CODE           	0261	0000	9
		_putch         		CODE           	0312	0000	15
		_UART_ReceiveChar		CODE           	02AE	0000	12
		_main          		CODE           	061A	0000	117
		_SPI_Write     		CODE           	02BA	0000	14
		_SPI_Read      		CODE           	0485	0000	57
		_UART_SendChar 		CODE           	0303	0000	15
		_UART2_SendString		CODE           	0344	0000	23
		_Error_Handler 		CODE           	02C8	0000	14
		_UART2_SendChar		CODE           	02D6	0000	15
		_test1         		CODE           	0423	0000	48

main.c estimated size: 339

mcc_generated_files/uart/src/eusart1.c
		_EUSART1_Initialize		CODE           	0377	0000	29
		_EUSART1_DefaultFramingErrorCallback		CODE           	0230	0000	1
		_EUSART1_Read  		CODE           	03F9	0000	42
		_EUSART1_Write 		CODE           	023F	0000	4
		_EUSART1_FramingErrorCallbackRegister		CODE           	027E	0000	12
		_EUSART1_IsRxReady		CODE           	0247	0000	5
		_EUSART1_IsTxReady		CODE           	02E5	0000	15
		_EUSART1_OverrunErrorCallbackRegister		CODE           	028A	0000	12
		_EUSART1_DefaultOverrunErrorCallback		CODE           	023B	0000	4

mcc_generated_files/uart/src/eusart1.c estimated size: 124

mcc_generated_files/system/src/system.c
		_SYSTEM_Initialize		CODE           	0331	0000	19

mcc_generated_files/system/src/system.c estimated size: 19

