Microchip MPLAB XC8 Compiler V2.50

Linker command line:

-W-3 \
  --edf=C:\Program Files\Microchip\xc8\v2.50\pic\dat\20240725155939_en.msgs \
  -cn -h+dist/default/production\TempSensorHub.X.production.sym \
  --cmf=dist/default/production\TempSensorHub.X.production.cmf -z \
  -Q16F15376 -oC:\Users\edgar\AppData\Local\Temp\xcAs69o.\driver_tmp_3.o \
  --defsym=__MPLAB_BUILD=1 --fixupoverflow=error \
  -Mdist/default/production/TempSensorHub.X.production.map \
  --md=C:\Users\edgar\AppData\Local\Temp\xcAs69o.\driver_tmp_0.dat -E1 \
  -ver=XC8 Compiler --acfsm=1493 -ACODE=00h-07FFhx8 -ASTRCODE=00h-03FFFh \
  -ASTRING=00h-0FFhx64 -ACONST=00h-0FFhx64 -AENTRY=00h-0FFhx64 \
  -ACOMMON=070h-07Fh -ABANK0=020h-06Fh -ABANK1=0A0h-0EFh \
  -ABANK2=0120h-016Fh -ABANK3=01A0h-01EFh -ABANK4=0220h-026Fh \
  -ABANK5=02A0h-02EFh -ABANK6=0320h-036Fh -ABANK7=03A0h-03EFh \
  -ABANK8=0420h-046Fh -ABANK9=04A0h-04EFh -ABANK10=0520h-056Fh \
  -ABANK11=05A0h-05EFh -ABANK12=0620h-066Fh -ABANK13=06A0h-06EFh \
  -ABANK14=0720h-076Fh -ABANK15=07A0h-07EFh -ABANK16=0820h-086Fh \
  -ABANK17=08A0h-08EFh -ABANK18=0920h-096Fh -ABANK19=09A0h-09EFh \
  -ABANK20=0A20h-0A6Fh -ABANK21=0AA0h-0AEFh -ABANK22=0B20h-0B6Fh \
  -ABANK23=0BA0h-0BEFh -ABANK24=0C20h-0C6Fh -ABANK25=0CA0h-0CBFh \
  -ABIGRAM=02000h-027EFh \
  -ARAM=020h-06Fh,0A0h-0EFh,0120h-016Fh,01A0h-01EFh,0220h-026Fh,02A0h-02EFh,0320h-036Fh,03A0h-03EFh,0420h-046Fh,04A0h-04EFh,0520h-056Fh,05A0h-05EFh,0620h-066Fh,06A0h-06EFh,0720h-076Fh,07A0h-07EFh,0820h-086Fh,08A0h-08EFh,0920h-096Fh,09A0h-09EFh,0A20h-0A6Fh,0AA0h-0AEFh,0B20h-0B6Fh,0BA0h-0BEFh,0C20h-0C6Fh,0CA0h-0CBFh \
  -AABS1=020h-07Fh,0A0h-0EFh,0120h-016Fh,01A0h-01EFh,0220h-026Fh,02A0h-02EFh,0320h-036Fh,03A0h-03EFh,0420h-046Fh,04A0h-04EFh,0520h-056Fh,05A0h-05EFh,0620h-066Fh,06A0h-06EFh,0720h-076Fh,07A0h-07EFh,0820h-086Fh,08A0h-08EFh,0920h-096Fh,09A0h-09EFh,0A20h-0A6Fh,0AA0h-0AEFh,0B20h-0B6Fh,0BA0h-0BEFh,0C20h-0C6Fh,0CA0h-0CBFh \
  -ASFR0=00h-01Fh -ASFR1=080h-09Fh -ASFR2=0100h-011Fh -ASFR3=0180h-019Fh \
  -ASFR4=0200h-021Fh -ASFR5=0280h-029Fh -ASFR6=0300h-031Fh \
  -ASFR7=0380h-039Fh -ASFR8=0400h-041Fh -ASFR9=0480h-049Fh \
  -ASFR10=0500h-051Fh -ASFR11=0580h-059Fh -ASFR12=0600h-061Fh \
  -ASFR13=0680h-069Fh -ASFR14=0700h-071Fh -ASFR15=0780h-079Fh \
  -ASFR16=0800h-081Fh -ASFR17=0880h-089Fh -ASFR18=0900h-091Fh \
  -ASFR19=0980h-099Fh -ASFR20=0A00h-0A1Fh -ASFR21=0A80h-0A9Fh \
  -ASFR22=0B00h-0B1Fh -ASFR23=0B80h-0B9Fh -ASFR24=0C00h-0C1Fh \
  -ASFR25=0C80h-0C9Fh -ASFR26=0D00h-0D6Fh -ASFR27=0D80h-0DEFh \
  -ASFR28=0E00h-0E6Fh -ASFR29=0E80h-0EEFh -ASFR30=0F00h-0F6Fh \
  -ASFR31=0F80h-0FEFh -ASFR32=01000h-0106Fh -ASFR33=01080h-010EFh \
  -ASFR34=01100h-0116Fh -ASFR35=01180h-011EFh -ASFR36=01200h-0126Fh \
  -ASFR37=01280h-012EFh -ASFR38=01300h-0136Fh -ASFR39=01380h-013EFh \
  -ASFR40=01400h-0146Fh -ASFR41=01480h-014EFh -ASFR42=01500h-0156Fh \
  -ASFR43=01580h-015EFh -ASFR44=01600h-0166Fh -ASFR45=01680h-016EFh \
  -ASFR46=01700h-0176Fh -ASFR47=01780h-017EFh -ASFR48=01800h-0186Fh \
  -ASFR49=01880h-018EFh -ASFR50=01900h-0196Fh -ASFR51=01980h-019EFh \
  -ASFR52=01A00h-01A6Fh -ASFR53=01A80h-01AEFh -ASFR54=01B00h-01B6Fh \
  -ASFR55=01B80h-01BEFh -ASFR56=01C00h-01C6Fh -ASFR57=01C80h-01CEFh \
  -ASFR58=01D00h-01D6Fh -ASFR59=01D80h-01DEFh -ASFR60=01E00h-01E6Fh \
  -ASFR61=01E80h-01EEFh -ASFR62=01F00h-01F6Fh -ASFR63=01F80h-01FEFh \
  -ACONFIG=08007h-0800Bh -DCONFIG=2 -AIDLOC=08000h-08003h -DIDLOC=2 \
  -DCODE=2 -DSTRCODE=2 -DSTRING=2 -DCONST=2 -DENTRY=2 \
  -preset_vec=00h,intentry=04h,sivt,init,end_init -ppowerup=CODE \
  -pcinit=CODE -pfunctab=ENTRY -k \
  C:\Users\edgar\AppData\Local\Temp\xcAs69o.\driver_tmp_17.o \
  dist/default/production\TempSensorHub.X.production.o 

Object code version is 3.11

Machine type is 16F15376



                Name                               Link     Load   Length Selector   Space Scale
C:\Users\edgar\AppData\Local\Temp\xcAs69o.\driver_tmp_17.o
                end_init                             37       37        2        8       0
                reset_vec                             0        0        2        0       0
                config                             8007     8007        5        0       4
dist/default/production\TempSensorHub.X.production.o
                cinit                                39       39       28        8       0
                intentry                              4        4       33        8       0
                config                             8007     8007        5        0       4
                text54                              F7D      F7D        1     1EFA       0
                text53                              F7E      F7E        1     1EFC       0
                text52                              F8F      F8F        4     1F1E       0
                text51                              F93      F93        4     1F26       0
                text50                              6A3      6A3       1A      CD8       0
                text49                              F97      F97        4     1F2E       0
                text48                              66C      66C       1C      CD8       0
                text47                              3F1      3F1       59        8       0
                text46                              688      688       1B      CD8       0
                text45                              F9F      F9F        6     1F3E       0
                text44                              F7F      F7F        1     1EFE       0
                text43                              7B4      7B4        F      F0E       0
                text41                              F80      F80        3     1F00       0
                text40                              F83      F83        3     1F06       0
                text39                              FDC      FDC        C     1FB8       0
                text38                              F86      F86        3     1F0C       0
                text37                              F89      F89        3     1F12       0
                text36                              F8C      F8C        3     1F18       0
                text35                              5F4      5F4       20      B06       0
                text34                              2C7      2C7       70        8       0
                text33                              FC8      FC8        A     1F90       0
                text32                              FE8      FE8        C     1FD0       0
                text31                              FF4      FF4        C     1FE8       0
                text30                              4BB      4BB       35        8       0
                text29                              7EB      7EB        C      FA2       0
                text28                              7DF      7DF        C      FA2       0
                text27                              633      633       1D      B06       0
                text26                              FA5      FA5        6     1F4A       0
                text25                              FD2      FD2        A     1FA4       0
                text24                              395      395       5C        8       0
                text23                              FBF      FBF        9     1F7E       0
                text22                              726      726       12      E4C       0
                text21                              6EC      6EC       16      DD8       0
                text20                              FAB      FAB        6     1F56       0
                text19                              7A5      7A5        F      F0E       0
                text18                              F9B      F9B        4     1F36       0
                text17                              796      796        F      F0E       0
                text16                              6BD      6BD       19      CD8       0
                text15                              FB7      FB7        8     1F6E       0
                text14                              5D4      5D4       20      B06       0
                text13                              738      738       11      E4C       0
                text12                              44A      44A       3B        8       0
                text11                              4F0      4F0       33        8       0
                text10                              787      787        F      F0E       0
                text9                               337      337       5E        8       0
                text8                                61       61      164        8       0
                text7                               614      614       1F      B06       0
                text6                               759      759       10      EB2       0
                text5                               7D1      7D1        E      FA2       0
                text4                               5B2      5B2       22      B06       0
                text3                               583      583       2F      B06       0
                text2                               7F7      7F7        9      FA2       0
                text1                               485      485       36        8       0
                maintext                            1C5      1C5      102        8       0
                cstackBANK0                          20       20       3A       20       1
                cstackCOMMON                         70       70        6       70       1
                cstackBANK1                          DC       DC        4       A0       1
                clrtext                             FB1      FB1        6     1F62       0
                bssBANK2                            120      120       20      120       1
                bssBANK1                             A0       A0       36       A0       1
                dataBANK0                            6E       6E        2       20       1
                bssBANK0                             5A       5A       14       20       1
                bssCOMMON                            76       76        4       70       1
                stringtext12                       1000     1000        B     2000       0
                stringtext11                        7C3      7C3        E      F86       0
                stringtext10                        778      778        F      ED2       0
                stringtext9                         769      769        F      ED2       0
                stringtext8                         749      749       10      E92       0
                stringtext7                         714      714       12      E04       0
                stringtext6                         702      702       12      E04       0
                stringtext5                         6D6      6D6       16      DAC       0
                nvBANK1                              D6       D6        6       A0       1
                stringtext4                        100B     100B        A     2000       0
                stringtext3                         650      650       1C      CA0       0
                stringtext2                         553      553       30      A46       0
                stringtext1                         523      523       30      A46       0
                idataBANK0                            2        2        2        0       0

TOTAL           Name                               Link     Load   Length     Space
        CLASS   CODE           
                end_init                             37       37        2         0
                cinit                                39       39       28         0
                intentry                              4        4       33         0
                reset_vec                             0        0        2         0
                text54                              F7D      F7D        1         0
                text53                              F7E      F7E        1         0
                text52                              F8F      F8F        4         0
                text51                              F93      F93        4         0
                text50                              6A3      6A3       1A         0
                text49                              F97      F97        4         0
                text48                              66C      66C       1C         0
                text47                              3F1      3F1       59         0
                text46                              688      688       1B         0
                text45                              F9F      F9F        6         0
                text44                              F7F      F7F        1         0
                text43                              7B4      7B4        F         0
                text41                              F80      F80        3         0
                text40                              F83      F83        3         0
                text39                              FDC      FDC        C         0
                text38                              F86      F86        3         0
                text37                              F89      F89        3         0
                text36                              F8C      F8C        3         0
                text35                              5F4      5F4       20         0
                text34                              2C7      2C7       70         0
                text33                              FC8      FC8        A         0
                text32                              FE8      FE8        C         0
                text31                              FF4      FF4        C         0
                text30                              4BB      4BB       35         0
                text29                              7EB      7EB        C         0
                text28                              7DF      7DF        C         0
                text27                              633      633       1D         0
                text26                              FA5      FA5        6         0
                text25                              FD2      FD2        A         0
                text24                              395      395       5C         0
                text23                              FBF      FBF        9         0
                text22                              726      726       12         0
                text21                              6EC      6EC       16         0
                text20                              FAB      FAB        6         0
                text19                              7A5      7A5        F         0
                text18                              F9B      F9B        4         0
                text17                              796      796        F         0
                text16                              6BD      6BD       19         0
                text15                              FB7      FB7        8         0
                text14                              5D4      5D4       20         0
                text13                              738      738       11         0
                text12                              44A      44A       3B         0
                text11                              4F0      4F0       33         0
                text10                              787      787        F         0
                text9                               337      337       5E         0
                text8                                61       61      164         0
                text7                               614      614       1F         0
                text6                               759      759       10         0
                text5                               7D1      7D1        E         0
                text4                               5B2      5B2       22         0
                text3                               583      583       2F         0
                text2                               7F7      7F7        9         0
                text1                               485      485       36         0
                maintext                            1C5      1C5      102         0
                clrtext                             FB1      FB1        6         0
                idataBANK0                            2        2        2         0

        CLASS   STRCODE        
                stringtext12                       1000     1000        B         0
                stringtext11                        7C3      7C3        E         0
                stringtext10                        778      778        F         0
                stringtext9                         769      769        F         0
                stringtext8                         749      749       10         0
                stringtext7                         714      714       12         0
                stringtext6                         702      702       12         0
                stringtext5                         6D6      6D6       16         0
                stringtext4                        100B     100B        A         0
                stringtext3                         650      650       1C         0
                stringtext2                         553      553       30         0
                stringtext1                         523      523       30         0

        CLASS   STRING         

        CLASS   CONST          

        CLASS   ENTRY          

        CLASS   COMMON         
                cstackCOMMON                         70       70        6         1
                bssCOMMON                            76       76        4         1

        CLASS   BANK0          
                cstackBANK0                          20       20       3A         1
                dataBANK0                            6E       6E        2         1
                bssBANK0                             5A       5A       14         1

        CLASS   BANK1          
                cstackBANK1                          DC       DC        4         1
                bssBANK1                             A0       A0       36         1
                nvBANK1                              D6       D6        6         1

        CLASS   BANK2          
                bssBANK2                            120      120       20         1

        CLASS   BANK3          

        CLASS   BANK4          

        CLASS   BANK5          

        CLASS   BANK6          

        CLASS   BANK7          

        CLASS   BANK8          

        CLASS   BANK9          

        CLASS   BANK10         

        CLASS   BANK11         

        CLASS   BANK12         

        CLASS   BANK13         

        CLASS   BANK14         

        CLASS   BANK15         

        CLASS   BANK16         

        CLASS   BANK17         

        CLASS   BANK18         

        CLASS   BANK19         

        CLASS   BANK20         

        CLASS   BANK21         

        CLASS   BANK22         

        CLASS   BANK23         

        CLASS   BANK24         

        CLASS   BANK25         

        CLASS   BIGRAM         

        CLASS   RAM            

        CLASS   ABS1           
                abs_s1                               7E       7E        2         1

        CLASS   SFR0           

        CLASS   SFR1           

        CLASS   SFR2           

        CLASS   SFR3           

        CLASS   SFR4           

        CLASS   SFR5           

        CLASS   SFR6           

        CLASS   SFR7           

        CLASS   SFR8           

        CLASS   SFR9           

        CLASS   SFR10          

        CLASS   SFR11          

        CLASS   SFR12          

        CLASS   SFR13          

        CLASS   SFR14          

        CLASS   SFR15          

        CLASS   SFR16          

        CLASS   SFR17          

        CLASS   SFR18          

        CLASS   SFR19          

        CLASS   SFR20          

        CLASS   SFR21          

        CLASS   SFR22          

        CLASS   SFR23          

        CLASS   SFR24          

        CLASS   SFR25          

        CLASS   SFR26          

        CLASS   SFR27          

        CLASS   SFR28          

        CLASS   SFR29          

        CLASS   SFR30          

        CLASS   SFR31          

        CLASS   SFR32          

        CLASS   SFR33          

        CLASS   SFR34          

        CLASS   SFR35          

        CLASS   SFR36          

        CLASS   SFR37          

        CLASS   SFR38          

        CLASS   SFR39          

        CLASS   SFR40          

        CLASS   SFR41          

        CLASS   SFR42          

        CLASS   SFR43          

        CLASS   SFR44          

        CLASS   SFR45          

        CLASS   SFR46          

        CLASS   SFR47          

        CLASS   SFR48          

        CLASS   SFR49          

        CLASS   SFR50          

        CLASS   SFR51          

        CLASS   SFR52          

        CLASS   SFR53          

        CLASS   SFR54          

        CLASS   SFR55          

        CLASS   SFR56          

        CLASS   SFR57          

        CLASS   SFR58          

        CLASS   SFR59          

        CLASS   SFR60          

        CLASS   SFR61          

        CLASS   SFR62          

        CLASS   SFR63          

        CLASS   CONFIG         
                config                             8007     8007        5         4

        CLASS   IDLOC          

        CLASS   BANK63         

        CLASS   BANK62         

        CLASS   BANK61         

        CLASS   BANK60         

        CLASS   BANK59         

        CLASS   BANK58         

        CLASS   BANK57         

        CLASS   BANK56         

        CLASS   BANK55         

        CLASS   BANK54         

        CLASS   BANK53         

        CLASS   BANK52         

        CLASS   BANK51         

        CLASS   BANK50         

        CLASS   BANK49         

        CLASS   BANK48         

        CLASS   BANK47         

        CLASS   BANK46         

        CLASS   BANK45         

        CLASS   BANK44         

        CLASS   BANK43         

        CLASS   BANK42         

        CLASS   BANK41         

        CLASS   BANK40         

        CLASS   BANK39         

        CLASS   BANK38         

        CLASS   BANK37         

        CLASS   BANK36         

        CLASS   BANK35         

        CLASS   BANK34         

        CLASS   BANK33         

        CLASS   BANK32         

        CLASS   BANK31         

        CLASS   BANK30         

        CLASS   BANK29         

        CLASS   BANK28         

        CLASS   BANK27         

        CLASS   BANK26         

        CLASS   HEAP           

        CLASS   STACK          

        CLASS   EEDATA         



SEGMENTS        Name                           Load    Length   Top    Selector   Space  Class     Delta

                reset_vec                      000000  000004  000004         0       0  CODE        2
                intentry                       000004  00051F  000523         8       0  CODE        2
                cstackBANK0                    000020  000050  000070        20       1  BANK0       1
                cstackCOMMON                   000070  00000A  00007A        70       1  COMMON      1
                bssBANK1                       0000A0  000040  0000E0        A0       1  BANK1       1
                bssBANK2                       000120  000020  000140       120       1  BANK2       1
                stringtext1                    000523  000060  000583       A46       0  STRCODE     2
                text3                          000583  0000CD  000650       B06       0  CODE        2
                stringtext3                    000650  00001C  00066C       CA0       0  STRCODE     2
                text48                         00066C  00006A  0006D6       CD8       0  CODE        2
                stringtext5                    0006D6  000016  0006EC       DAC       0  STRCODE     2
                text21                         0006EC  000016  000702       DD8       0  CODE        2
                stringtext6                    000702  000024  000726       E04       0  STRCODE     2
                text22                         000726  000023  000749       E4C       0  CODE        2
                stringtext8                    000749  000010  000759       E92       0  STRCODE     2
                text6                          000759  000010  000769       EB2       0  CODE        2
                stringtext9                    000769  00001E  000787       ED2       0  STRCODE     2
                text10                         000787  00003C  0007C3       F0E       0  CODE        2
                stringtext11                   0007C3  00000E  0007D1       F86       0  STRCODE     2
                text5                          0007D1  00002F  000800       FA2       0  CODE        2
                text54                         000F7D  000001  000F7E      1EFA       0  CODE        2
                text53                         000F7E  000001  000F7F      1EFC       0  CODE        2
                text44                         000F7F  000001  000F80      1EFE       0  CODE        2
                text41                         000F80  000003  000F83      1F00       0  CODE        2
                text40                         000F83  000003  000F86      1F06       0  CODE        2
                text38                         000F86  000003  000F89      1F0C       0  CODE        2
                text37                         000F89  000003  000F8C      1F12       0  CODE        2
                text36                         000F8C  000003  000F8F      1F18       0  CODE        2
                text52                         000F8F  000004  000F93      1F1E       0  CODE        2
                text51                         000F93  000004  000F97      1F26       0  CODE        2
                text49                         000F97  000004  000F9B      1F2E       0  CODE        2
                text18                         000F9B  000004  000F9F      1F36       0  CODE        2
                text45                         000F9F  000006  000FA5      1F3E       0  CODE        2
                text26                         000FA5  000006  000FAB      1F4A       0  CODE        2
                text20                         000FAB  000006  000FB1      1F56       0  CODE        2
                clrtext                        000FB1  000006  000FB7      1F62       0  CODE        2
                text15                         000FB7  000008  000FBF      1F6E       0  CODE        2
                text23                         000FBF  000009  000FC8      1F7E       0  CODE        2
                text33                         000FC8  00000A  000FD2      1F90       0  CODE        2
                text25                         000FD2  00000A  000FDC      1FA4       0  CODE        2
                text39                         000FDC  00000C  000FE8      1FB8       0  CODE        2
                text32                         000FE8  00000C  000FF4      1FD0       0  CODE        2
                text31                         000FF4  00000C  001000      1FE8       0  CODE        2
                stringtext12                   001000  000015  001015      2000       0  STRCODE     2


UNUSED ADDRESS RANGES

        Name                Unused          Largest block    Delta
        BANK1            000E0-000EF              10           1
        BANK10           00520-0056F              50           1
        BANK11           005A0-005EF              50           1
        BANK12           00620-0066F              50           1
        BANK13           006A0-006EF              50           1
        BANK14           00720-0076F              50           1
        BANK15           007A0-007EF              50           1
        BANK16           00820-0086F              50           1
        BANK17           008A0-008EF              50           1
        BANK18           00920-0096F              50           1
        BANK19           009A0-009EF              50           1
        BANK2            00140-0016F              30           1
        BANK20           00A20-00A6F              50           1
        BANK21           00AA0-00AEF              50           1
        BANK22           00B20-00B6F              50           1
        BANK23           00BA0-00BEF              50           1
        BANK24           00C20-00C6F              50           1
        BANK25           00CA0-00CBF              20           1
        BANK3            001A0-001EF              50           1
        BANK4            00220-0026F              50           1
        BANK5            002A0-002EF              50           1
        BANK6            00320-0036F              50           1
        BANK7            003A0-003EF              50           1
        BANK8            00420-0046F              50           1
        BANK9            004A0-004EF              50           1
        BIGRAM           02000-027EF             7F0           1
        CODE             00800-00F7C             77D           2
                         01015-03FFF             800
        COMMON           0007A-0007D               4           1
        CONST            00800-00F7C             100           2
                         01015-03FFF             100
        ENTRY            00800-00F7C             100           2
                         01015-03FFF             100
        IDLOC            08000-08003               4           2
        RAM              000E0-000EF              10           1
                         00140-0016F              30
                         001A0-001EF              50
                         00220-0026F              50
                         002A0-002EF              50
                         00320-0036F              50
                         003A0-003EF              50
                         00420-0046F              50
                         004A0-004EF              50
                         00520-0056F              50
                         005A0-005EF              50
                         00620-0066F              50
                         006A0-006EF              50
                         00720-0076F              50
                         007A0-007EF              50
                         00820-0086F              50
                         008A0-008EF              50
                         00920-0096F              50
                         009A0-009EF              50
                         00A20-00A6F              50
                         00AA0-00AEF              50
                         00B20-00B6F              50
                         00BA0-00BEF              50
                         00C20-00C6F              50
                         00CA0-00CBF              20
        SFR0             00000-0001F              20           1
        SFR1             00080-0009F              20           1
        SFR10            00500-0051F              20           1
        SFR11            00580-0059F              20           1
        SFR12            00600-0061F              20           1
        SFR13            00680-0069F              20           1
        SFR14            00700-0071F              20           1
        SFR15            00780-0079F              20           1
        SFR16            00800-0081F              20           1
        SFR17            00880-0089F              20           1
        SFR18            00900-0091F              20           1
        SFR19            00980-0099F              20           1
        SFR2             00100-0011F              20           1
        SFR20            00A00-00A1F              20           1
        SFR21            00A80-00A9F              20           1
        SFR22            00B00-00B1F              20           1
        SFR23            00B80-00B9F              20           1
        SFR24            00C00-00C1F              20           1
        SFR25            00C80-00C9F              20           1
        SFR26            00D00-00D6F              70           1
        SFR27            00D80-00DEF              70           1
        SFR28            00E00-00E6F              70           1
        SFR29            00E80-00EEF              70           1
        SFR3             00180-0019F              20           1
        SFR30            00F00-00F6F              70           1
        SFR31            00F80-00FEF              70           1
        SFR32            01000-0106F              70           1
        SFR33            01080-010EF              70           1
        SFR34            01100-0116F              70           1
        SFR35            01180-011EF              70           1
        SFR36            01200-0126F              70           1
        SFR37            01280-012EF              70           1
        SFR38            01300-0136F              70           1
        SFR39            01380-013EF              70           1
        SFR4             00200-0021F              20           1
        SFR40            01400-0146F              70           1
        SFR41            01480-014EF              70           1
        SFR42            01500-0156F              70           1
        SFR43            01580-015EF              70           1
        SFR44            01600-0166F              70           1
        SFR45            01680-016EF              70           1
        SFR46            01700-0176F              70           1
        SFR47            01780-017EF              70           1
        SFR48            01800-0186F              70           1
        SFR49            01880-018EF              70           1
        SFR5             00280-0029F              20           1
        SFR50            01900-0196F              70           1
        SFR51            01980-019EF              70           1
        SFR52            01A00-01A6F              70           1
        SFR53            01A80-01AEF              70           1
        SFR54            01B00-01B6F              70           1
        SFR55            01B80-01BEF              70           1
        SFR56            01C00-01C6F              70           1
        SFR57            01C80-01CEF              70           1
        SFR58            01D00-01D6F              70           1
        SFR59            01D80-01DEF              70           1
        SFR6             00300-0031F              20           1
        SFR60            01E00-01E6F              70           1
        SFR61            01E80-01EEF              70           1
        SFR62            01F00-01F6F              70           1
        SFR63            01F80-01FEF              70           1
        SFR7             00380-0039F              20           1
        SFR8             00400-0041F              20           1
        SFR9             00480-0049F              20           1
        STRCODE          00800-00F7C             77D           2
                         01015-03FFF            2FEB
        STRING           00800-00F7C             100           2
                         01015-03FFF             100

                                  Symbol Table

?_SPI_Read                                           cstackBANK0  0004B
?___lwdiv                                            cstackBANK0  00020
?___lwmod                                            cstackBANK0  00020
?___wmul                                             cstackBANK0  00020
?_printf                                             cstackBANK0  00044
?_read_temperature                                   cstackBANK0  00056
?_vfprintf                                           cstackBANK0  0003C
EUSART1_FramingErrorCallbackRegister@callbackHandler cstackCOMMON 00074
EUSART1_OverrunErrorCallbackRegister@callbackHandler cstackCOMMON 00074
EUSART1_Read@readValue                               cstackCOMMON 00071
EUSART1_Read@tempRxTail                              cstackCOMMON 00070
EUSART1_ReceiveISR@regValue                          cstackCOMMON 00072
EUSART1_ReceiveISR@tempRxHead                        cstackCOMMON 00073
EUSART1_RxCompleteCallbackRegister@callbackHandler   cstackCOMMON 00074
EUSART1_TransmitISR@tempTxTail                       cstackCOMMON 00070
EUSART1_Write@tempTxHead                             cstackCOMMON 00075
EUSART1_Write@txData                                 cstackCOMMON 00074
EUSART2_FramingErrorCallbackRegister@callbackHandler cstackCOMMON 00074
EUSART2_OverrunErrorCallbackRegister@callbackHandler cstackCOMMON 00074
EUSART2_Write@txData                                 cstackCOMMON 00074
Error_Handler@message                                cstackBANK0  00049
INT_SetInterruptHandler@InterruptHandler             cstackCOMMON 00074
SPI1_BufferExchange@bufferData                       cstackBANK0  00020
SPI1_BufferExchange@bufferInput                      cstackBANK0  00025
SPI1_BufferExchange@bufferInputSize                  cstackBANK0  00023
SPI1_BufferExchange@bufferSize                       cstackBANK0  00021
SPI1_Open@spiConfigIndex                             cstackBANK0  00024
SPI_Read@buffer                                      cstackBANK0  00052
SPI_Read@data                                        cstackBANK0  00054
TMR0_PeriodMatchCallbackRegister@callbackHandler     cstackCOMMON 00074
UART2_SendChar@data                                  cstackCOMMON 00075
UART2_SendString@str                                 cstackBANK0  00020
UART_SendChar@data                                   cstackBANK0  00020
_ANSELA                                              (abs)        01F38
_ANSELAbits                                          (abs)        01F38
_ANSELB                                              (abs)        01F43
_ANSELBbits                                          (abs)        01F43
_ANSELC                                              (abs)        01F4E
_ANSELCbits                                          (abs)        01F4E
_ANSELD                                              (abs)        01F59
_ANSELDbits                                          (abs)        01F59
_ANSELE                                              (abs)        01F64
_BAUD1CON                                            (abs)        0011F
_BAUD1CONbits                                        (abs)        0011F
_BAUD2CON                                            (abs)        00A1F
_BAUD2CONbits                                        (abs)        00A1F
_CLOCK_Initialize                                    text33       00FC8
_EUSART1_AutoBaudQuery                               (abs)        00000
_EUSART1_AutoBaudSet                                 (abs)        00000
_EUSART1_DefaultFramingErrorCallback                 text53       00F7E
_EUSART1_DefaultOverrunErrorCallback                 text51       00F93
_EUSART1_Deinitialize                                (abs)        00000
_EUSART1_Enable                                      text41       00F80
_EUSART1_ErrorGet                                    (abs)        00000
_EUSART1_FramingErrorCallbackRegister                text32       00FE8
_EUSART1_FramingErrorHandler                         bssBANK1     000CC
_EUSART1_Initialize                                  text30       004BB
_EUSART1_IsRxReady                                   (abs)        00000
_EUSART1_IsTxDone                                    (abs)        00000
_EUSART1_IsTxReady                                   text15       00FB7
_EUSART1_OverrunErrorCallbackRegister                text31       00FF4
_EUSART1_OverrunErrorHandler                         bssBANK1     000CA
_EUSART1_Read                                        text50       006A3
_EUSART1_ReceiveEnable                               text40       00F83
_EUSART1_ReceiveISR                                  text47       003F1
_EUSART1_RxCompleteCallbackRegister                  text39       00FDC
_EUSART1_RxCompleteInterruptHandler                  bssBANK1     000CE
_EUSART1_RxInterruptHandler                          nvBANK1      000D8
_EUSART1_TransmitDisable                             (abs)        00000
_EUSART1_TransmitEnable                              text38       00F86
_EUSART1_TransmitISR                                 text46       00688
_EUSART1_TxCompleteCallbackRegister                  (abs)        00000
_EUSART1_TxCompleteInterruptHandler                  bssBANK1     000D0
_EUSART1_TxInterruptHandler                          nvBANK1      000DA
_EUSART1_Write                                       text14       005D4
_EUSART2_AutoBaudQuery                               (abs)        00000
_EUSART2_AutoBaudSet                                 (abs)        00000
_EUSART2_DefaultFramingErrorCallback                 text54       00F7D
_EUSART2_DefaultOverrunErrorCallback                 text52       00F8F
_EUSART2_Deinitialize                                (abs)        00000
_EUSART2_Enable                                      text37       00F89
_EUSART2_ErrorGet                                    (abs)        00000
_EUSART2_FramingErrorCallbackRegister                text29       007EB
_EUSART2_FramingErrorHandler                         bssBANK0     0005C
_EUSART2_Initialize                                  text27       00633
_EUSART2_IsRxReady                                   (abs)        00000
_EUSART2_IsTxDone                                    (abs)        00000
_EUSART2_IsTxReady                                   text19       007A5
_EUSART2_IsTxReady$889                               cstackCOMMON 00074
_EUSART2_OverrunErrorCallbackRegister                text28       007DF
_EUSART2_OverrunErrorHandler                         bssBANK0     0005A
_EUSART2_Read                                        (abs)        00000
_EUSART2_TransmitDisable                             (abs)        00000
_EUSART2_TransmitEnable                              text36       00F8C
_EUSART2_Write                                       text18       00F9B
_Error_Handler                                       text5        007D1
_INLVLA                                              (abs)        01F3C
_INLVLB                                              (abs)        01F47
_INLVLC                                              (abs)        01F52
_INLVLD                                              (abs)        01F5D
_INLVLE                                              (abs)        01F68
_INTCONbits                                          (abs)        0000B
_INTERRUPT_Initialize                                text25       00FD2
_INTERRUPT_InterruptManager                          intentry     00004
_INT_DefaultInterruptHandler                         (abs)        00000
_INT_InterruptHandler                                bssBANK0     0005E
_INT_SetInterruptHandler                             text26       00FA5
_IOCAF                                               (abs)        01F3F
_IOCAN                                               (abs)        01F3E
_IOCAP                                               (abs)        01F3D
_IOCBF                                               (abs)        01F4A
_IOCBN                                               (abs)        01F49
_IOCBP                                               (abs)        01F48
_IOCCF                                               (abs)        01F55
_IOCCN                                               (abs)        01F54
_IOCCP                                               (abs)        01F53
_IOCEF                                               (abs)        01F6B
_IOCEN                                               (abs)        01F6A
_IOCEP                                               (abs)        01F69
_LATA                                                (abs)        00018
_LATB                                                (abs)        00019
_LATC                                                (abs)        0001A
_LATD                                                (abs)        0001B
_LATD2                                               (abs)        000DA
_LATDbits                                            (abs)        0001B
_LATE                                                (abs)        0001C
_ODCONA                                              (abs)        01F3A
_ODCONB                                              (abs)        01F45
_ODCONC                                              (abs)        01F50
_ODCOND                                              (abs)        01F5B
_ODCONE                                              (abs)        01F66
_OSCCON1                                             (abs)        0088D
_OSCCON3                                             (abs)        0088F
_OSCEN                                               (abs)        00891
_OSCFRQ                                              (abs)        00893
_OSCTUNE                                             (abs)        00892
_PIE0bits                                            (abs)        00716
_PIE3bits                                            (abs)        00719
_PIN_MANAGER_Initialize                              text24       00395
_PIR0bits                                            (abs)        0070C
_PIR3bits                                            (abs)        0070F
_PORTAbits                                           (abs)        0000C
_PORTDbits                                           (abs)        0000F
_RB4PPS                                              (abs)        01F1C
_RB5PPS                                              (abs)        01F1D
_RC1REG                                              (abs)        00119
_RC1STA                                              (abs)        0011D
_RC1STAbits                                          (abs)        0011D
_RC2REG                                              (abs)        00A19
_RC2STA                                              (abs)        00A1D
_RC2STAbits                                          (abs)        00A1D
_RC6PPS                                              (abs)        01F26
_RD0PPS                                              (abs)        01F28
_RX1DTPPS                                            (abs)        01ECB
_RX2DTPPS                                            (abs)        01ECD
_SLRCONA                                             (abs)        01F3B
_SLRCONB                                             (abs)        01F46
_SLRCONC                                             (abs)        01F51
_SLRCOND                                             (abs)        01F5C
_SLRCONE                                             (abs)        01F67
_SP1BRGH                                             (abs)        0011C
_SP1BRGL                                             (abs)        0011B
_SP2BRGH                                             (abs)        00A1C
_SP2BRGL                                             (abs)        00A1B
_SPI1_BufferExchange                                 text4        005B2
_SPI1_BufferRead                                     (abs)        00000
_SPI1_BufferWrite                                    (abs)        00000
_SPI1_ByteExchange                                   (abs)        00000
_SPI1_ByteRead                                       (abs)        00000
_SPI1_ByteWrite                                      (abs)        00000
_SPI1_Close                                          (abs)        00000
_SPI1_Deinitialize                                   (abs)        00000
_SPI1_Initialize                                     text23       00FBF
_SPI1_IsRxReady                                      (abs)        00000
_SPI1_IsTxReady                                      (abs)        00000
_SPI1_Open                                           text34       002C7
_SPI_Read                                            text3        00583
_SSP1ADD                                             (abs)        0018D
_SSP1BUF                                             (abs)        0018C
_SSP1CLKPPS                                          (abs)        01EC5
_SSP1CON1                                            (abs)        00190
_SSP1CON1bits                                        (abs)        00190
_SSP1CON3                                            (abs)        00192
_SSP1DATPPS                                          (abs)        01EC6
_SSP1SSPPS                                           (abs)        01EC7
_SSP1STAT                                            (abs)        0018F
_SYSTEM_Initialize                                   text21       006EC
_T0CON0                                              (abs)        0059E
_T0CON0bits                                          (abs)        0059E
_T0CON1                                              (abs)        0059F
_TMR0H                                               (abs)        0059D
_TMR0L                                               (abs)        0059C
_TMR0_DefaultCallback                                text44       00F7F
_TMR0_ISR                                            text43       007B4
_TMR0_Initialize                                     text22       00726
_TMR0_PeriodMatchCallback                            nvBANK1      000D6
_TMR0_PeriodMatchCallbackRegister                    text20       00FAB
_TRISA                                               (abs)        00012
_TRISAbits                                           (abs)        00012
_TRISB                                               (abs)        00013
_TRISBbits                                           (abs)        00013
_TRISC                                               (abs)        00014
_TRISCbits                                           (abs)        00014
_TRISD                                               (abs)        00015
_TRISDbits                                           (abs)        00015
_TRISE                                               (abs)        00016
_TX1REG                                              (abs)        0011A
_TX1STA                                              (abs)        0011E
_TX1STAbits                                          (abs)        0011E
_TX2REG                                              (abs)        00A1A
_TX2STA                                              (abs)        00A1E
_TX2STAbits                                          (abs)        00A1E
_UART2_SendChar                                      text17       00796
_UART2_SendString                                    text16       006BD
_UART_SendChar                                       text13       00738
_WPUA                                                (abs)        01F39
_WPUB                                                (abs)        01F44
_WPUC                                                (abs)        01F4F
_WPUD                                                (abs)        01F5A
_WPUE                                                (abs)        01F65
__H__absolute__                                      __absolute__ 00000
__Habs1                                              abs1         00000
__Hbank0                                             bank0        00000
__Hbank1                                             bank1        00000
__Hbank10                                            bank10       00000
__Hbank11                                            bank11       00000
__Hbank12                                            bank12       00000
__Hbank13                                            bank13       00000
__Hbank14                                            bank14       00000
__Hbank15                                            bank15       00000
__Hbank16                                            bank16       00000
__Hbank17                                            bank17       00000
__Hbank18                                            bank18       00000
__Hbank19                                            bank19       00000
__Hbank2                                             bank2        00000
__Hbank20                                            bank20       00000
__Hbank21                                            bank21       00000
__Hbank22                                            bank22       00000
__Hbank23                                            bank23       00000
__Hbank24                                            bank24       00000
__Hbank25                                            bank25       00000
__Hbank26                                            bank26       00000
__Hbank27                                            bank27       00000
__Hbank28                                            bank28       00000
__Hbank29                                            bank29       00000
__Hbank3                                             bank3        00000
__Hbank30                                            bank30       00000
__Hbank31                                            bank31       00000
__Hbank32                                            bank32       00000
__Hbank33                                            bank33       00000
__Hbank34                                            bank34       00000
__Hbank35                                            bank35       00000
__Hbank36                                            bank36       00000
__Hbank37                                            bank37       00000
__Hbank38                                            bank38       00000
__Hbank39                                            bank39       00000
__Hbank4                                             bank4        00000
__Hbank40                                            bank40       00000
__Hbank41                                            bank41       00000
__Hbank42                                            bank42       00000
__Hbank43                                            bank43       00000
__Hbank44                                            bank44       00000
__Hbank45                                            bank45       00000
__Hbank46                                            bank46       00000
__Hbank47                                            bank47       00000
__Hbank48                                            bank48       00000
__Hbank49                                            bank49       00000
__Hbank5                                             bank5        00000
__Hbank50                                            bank50       00000
__Hbank51                                            bank51       00000
__Hbank52                                            bank52       00000
__Hbank53                                            bank53       00000
__Hbank54                                            bank54       00000
__Hbank55                                            bank55       00000
__Hbank56                                            bank56       00000
__Hbank57                                            bank57       00000
__Hbank58                                            bank58       00000
__Hbank59                                            bank59       00000
__Hbank6                                             bank6        00000
__Hbank60                                            bank60       00000
__Hbank61                                            bank61       00000
__Hbank62                                            bank62       00000
__Hbank63                                            bank63       00000
__Hbank7                                             bank7        00000
__Hbank8                                             bank8        00000
__Hbank9                                             bank9        00000
__Hbigram                                            bigram       00000
__HbssBANK0                                          bssBANK0     00000
__HbssBANK1                                          bssBANK1     00000
__HbssBANK2                                          bssBANK2     00000
__HbssCOMMON                                         bssCOMMON    00000
__Hcinit                                             cinit        00061
__Hclrtext                                           clrtext      00000
__Hcode                                              code         00000
__Hcommon                                            common       00000
__Hconfig                                            config       0800C
__HcstackBANK0                                       cstackBANK0  00000
__HcstackBANK1                                       cstackBANK1  00000
__HcstackCOMMON                                      cstackCOMMON 00000
__HdataBANK0                                         dataBANK0    00000
__Heeprom_data                                       eeprom_data  00000
__Hend_init                                          end_init     00039
__Hfunctab                                           functab      00000
__Hheap                                              heap         00000
__HidataBANK0                                        idataBANK0   00000
__Hinit                                              init         00037
__Hintentry                                          intentry     00037
__Hmaintext                                          maintext     00000
__HnvBANK1                                           nvBANK1      00000
__Hpowerup                                           powerup      00000
__Hram                                               ram          00000
__Hreset_vec                                         reset_vec    00002
__Hsfr0                                              sfr0         00000
__Hsfr1                                              sfr1         00000
__Hsfr10                                             sfr10        00000
__Hsfr11                                             sfr11        00000
__Hsfr12                                             sfr12        00000
__Hsfr13                                             sfr13        00000
__Hsfr14                                             sfr14        00000
__Hsfr15                                             sfr15        00000
__Hsfr16                                             sfr16        00000
__Hsfr17                                             sfr17        00000
__Hsfr18                                             sfr18        00000
__Hsfr19                                             sfr19        00000
__Hsfr2                                              sfr2         00000
__Hsfr20                                             sfr20        00000
__Hsfr21                                             sfr21        00000
__Hsfr22                                             sfr22        00000
__Hsfr23                                             sfr23        00000
__Hsfr24                                             sfr24        00000
__Hsfr25                                             sfr25        00000
__Hsfr26                                             sfr26        00000
__Hsfr27                                             sfr27        00000
__Hsfr28                                             sfr28        00000
__Hsfr29                                             sfr29        00000
__Hsfr3                                              sfr3         00000
__Hsfr30                                             sfr30        00000
__Hsfr31                                             sfr31        00000
__Hsfr32                                             sfr32        00000
__Hsfr33                                             sfr33        00000
__Hsfr34                                             sfr34        00000
__Hsfr35                                             sfr35        00000
__Hsfr36                                             sfr36        00000
__Hsfr37                                             sfr37        00000
__Hsfr38                                             sfr38        00000
__Hsfr39                                             sfr39        00000
__Hsfr4                                              sfr4         00000
__Hsfr40                                             sfr40        00000
__Hsfr41                                             sfr41        00000
__Hsfr42                                             sfr42        00000
__Hsfr43                                             sfr43        00000
__Hsfr44                                             sfr44        00000
__Hsfr45                                             sfr45        00000
__Hsfr46                                             sfr46        00000
__Hsfr47                                             sfr47        00000
__Hsfr48                                             sfr48        00000
__Hsfr49                                             sfr49        00000
__Hsfr5                                              sfr5         00000
__Hsfr50                                             sfr50        00000
__Hsfr51                                             sfr51        00000
__Hsfr52                                             sfr52        00000
__Hsfr53                                             sfr53        00000
__Hsfr54                                             sfr54        00000
__Hsfr55                                             sfr55        00000
__Hsfr56                                             sfr56        00000
__Hsfr57                                             sfr57        00000
__Hsfr58                                             sfr58        00000
__Hsfr59                                             sfr59        00000
__Hsfr6                                              sfr6         00000
__Hsfr60                                             sfr60        00000
__Hsfr61                                             sfr61        00000
__Hsfr62                                             sfr62        00000
__Hsfr63                                             sfr63        00000
__Hsfr7                                              sfr7         00000
__Hsfr8                                              sfr8         00000
__Hsfr9                                              sfr9         00000
__Hsivt                                              sivt         00037
__Hspace_0                                           (abs)        01015
__Hspace_1                                           (abs)        00140
__Hspace_2                                           (abs)        00000
__Hspace_3                                           (abs)        00000
__Hspace_4                                           (abs)        10013
__Hstack                                             stack        00000
__Hstrings                                           strings      00000
__Hstringtext1                                       stringtext1  00000
__Hstringtext10                                      stringtext10 00000
__Hstringtext11                                      stringtext11 00000
__Hstringtext12                                      stringtext12 00000
__Hstringtext13                                      stringtext13 00000
__Hstringtext2                                       stringtext2  00000
__Hstringtext3                                       stringtext3  00000
__Hstringtext4                                       stringtext4  00000
__Hstringtext5                                       stringtext5  00000
__Hstringtext6                                       stringtext6  00000
__Hstringtext7                                       stringtext7  00000
__Hstringtext8                                       stringtext8  00000
__Hstringtext9                                       stringtext9  00000
__Htext                                              text         00000
__L__absolute__                                      __absolute__ 00000
__Labs1                                              abs1         00000
__Lbank0                                             bank0        00000
__Lbank1                                             bank1        00000
__Lbank10                                            bank10       00000
__Lbank11                                            bank11       00000
__Lbank12                                            bank12       00000
__Lbank13                                            bank13       00000
__Lbank14                                            bank14       00000
__Lbank15                                            bank15       00000
__Lbank16                                            bank16       00000
__Lbank17                                            bank17       00000
__Lbank18                                            bank18       00000
__Lbank19                                            bank19       00000
__Lbank2                                             bank2        00000
__Lbank20                                            bank20       00000
__Lbank21                                            bank21       00000
__Lbank22                                            bank22       00000
__Lbank23                                            bank23       00000
__Lbank24                                            bank24       00000
__Lbank25                                            bank25       00000
__Lbank26                                            bank26       00000
__Lbank27                                            bank27       00000
__Lbank28                                            bank28       00000
__Lbank29                                            bank29       00000
__Lbank3                                             bank3        00000
__Lbank30                                            bank30       00000
__Lbank31                                            bank31       00000
__Lbank32                                            bank32       00000
__Lbank33                                            bank33       00000
__Lbank34                                            bank34       00000
__Lbank35                                            bank35       00000
__Lbank36                                            bank36       00000
__Lbank37                                            bank37       00000
__Lbank38                                            bank38       00000
__Lbank39                                            bank39       00000
__Lbank4                                             bank4        00000
__Lbank40                                            bank40       00000
__Lbank41                                            bank41       00000
__Lbank42                                            bank42       00000
__Lbank43                                            bank43       00000
__Lbank44                                            bank44       00000
__Lbank45                                            bank45       00000
__Lbank46                                            bank46       00000
__Lbank47                                            bank47       00000
__Lbank48                                            bank48       00000
__Lbank49                                            bank49       00000
__Lbank5                                             bank5        00000
__Lbank50                                            bank50       00000
__Lbank51                                            bank51       00000
__Lbank52                                            bank52       00000
__Lbank53                                            bank53       00000
__Lbank54                                            bank54       00000
__Lbank55                                            bank55       00000
__Lbank56                                            bank56       00000
__Lbank57                                            bank57       00000
__Lbank58                                            bank58       00000
__Lbank59                                            bank59       00000
__Lbank6                                             bank6        00000
__Lbank60                                            bank60       00000
__Lbank61                                            bank61       00000
__Lbank62                                            bank62       00000
__Lbank63                                            bank63       00000
__Lbank7                                             bank7        00000
__Lbank8                                             bank8        00000
__Lbank9                                             bank9        00000
__Lbigram                                            bigram       00000
__LbssBANK0                                          bssBANK0     00000
__LbssBANK1                                          bssBANK1     00000
__LbssBANK2                                          bssBANK2     00000
__LbssCOMMON                                         bssCOMMON    00000
__Lcinit                                             cinit        00039
__Lclrtext                                           clrtext      00000
__Lcode                                              code         00000
__Lcommon                                            common       00000
__Lconfig                                            config       00000
__LcstackBANK0                                       cstackBANK0  00000
__LcstackBANK1                                       cstackBANK1  00000
__LcstackCOMMON                                      cstackCOMMON 00000
__LdataBANK0                                         dataBANK0    00000
__Leeprom_data                                       eeprom_data  00000
__Lend_init                                          end_init     00037
__Lfunctab                                           functab      00000
__Lheap                                              heap         00000
__LidataBANK0                                        idataBANK0   00000
__Linit                                              init         00037
__Lintentry                                          intentry     00004
__Lmaintext                                          maintext     00000
__LnvBANK1                                           nvBANK1      00000
__Lpowerup                                           powerup      00000
__Lram                                               ram          00000
__Lreset_vec                                         reset_vec    00000
__Lsfr0                                              sfr0         00000
__Lsfr1                                              sfr1         00000
__Lsfr10                                             sfr10        00000
__Lsfr11                                             sfr11        00000
__Lsfr12                                             sfr12        00000
__Lsfr13                                             sfr13        00000
__Lsfr14                                             sfr14        00000
__Lsfr15                                             sfr15        00000
__Lsfr16                                             sfr16        00000
__Lsfr17                                             sfr17        00000
__Lsfr18                                             sfr18        00000
__Lsfr19                                             sfr19        00000
__Lsfr2                                              sfr2         00000
__Lsfr20                                             sfr20        00000
__Lsfr21                                             sfr21        00000
__Lsfr22                                             sfr22        00000
__Lsfr23                                             sfr23        00000
__Lsfr24                                             sfr24        00000
__Lsfr25                                             sfr25        00000
__Lsfr26                                             sfr26        00000
__Lsfr27                                             sfr27        00000
__Lsfr28                                             sfr28        00000
__Lsfr29                                             sfr29        00000
__Lsfr3                                              sfr3         00000
__Lsfr30                                             sfr30        00000
__Lsfr31                                             sfr31        00000
__Lsfr32                                             sfr32        00000
__Lsfr33                                             sfr33        00000
__Lsfr34                                             sfr34        00000
__Lsfr35                                             sfr35        00000
__Lsfr36                                             sfr36        00000
__Lsfr37                                             sfr37        00000
__Lsfr38                                             sfr38        00000
__Lsfr39                                             sfr39        00000
__Lsfr4                                              sfr4         00000
__Lsfr40                                             sfr40        00000
__Lsfr41                                             sfr41        00000
__Lsfr42                                             sfr42        00000
__Lsfr43                                             sfr43        00000
__Lsfr44                                             sfr44        00000
__Lsfr45                                             sfr45        00000
__Lsfr46                                             sfr46        00000
__Lsfr47                                             sfr47        00000
__Lsfr48                                             sfr48        00000
__Lsfr49                                             sfr49        00000
__Lsfr5                                              sfr5         00000
__Lsfr50                                             sfr50        00000
__Lsfr51                                             sfr51        00000
__Lsfr52                                             sfr52        00000
__Lsfr53                                             sfr53        00000
__Lsfr54                                             sfr54        00000
__Lsfr55                                             sfr55        00000
__Lsfr56                                             sfr56        00000
__Lsfr57                                             sfr57        00000
__Lsfr58                                             sfr58        00000
__Lsfr59                                             sfr59        00000
__Lsfr6                                              sfr6         00000
__Lsfr60                                             sfr60        00000
__Lsfr61                                             sfr61        00000
__Lsfr62                                             sfr62        00000
__Lsfr63                                             sfr63        00000
__Lsfr7                                              sfr7         00000
__Lsfr8                                              sfr8         00000
__Lsfr9                                              sfr9         00000
__Lsivt                                              sivt         00037
__Lspace_0                                           (abs)        00000
__Lspace_1                                           (abs)        00000
__Lspace_2                                           (abs)        00000
__Lspace_3                                           (abs)        00000
__Lspace_4                                           (abs)        00000
__Lstack                                             stack        00000
__Lstrings                                           strings      00000
__Lstringtext1                                       stringtext1  00000
__Lstringtext10                                      stringtext10 00000
__Lstringtext11                                      stringtext11 00000
__Lstringtext12                                      stringtext12 00000
__Lstringtext13                                      stringtext13 00000
__Lstringtext2                                       stringtext2  00000
__Lstringtext3                                       stringtext3  00000
__Lstringtext4                                       stringtext4  00000
__Lstringtext5                                       stringtext5  00000
__Lstringtext6                                       stringtext6  00000
__Lstringtext7                                       stringtext7  00000
__Lstringtext8                                       stringtext8  00000
__Lstringtext9                                       stringtext9  00000
__Ltext                                              text         00000
__S0                                                 (abs)        01015
__S1                                                 (abs)        00140
___heap_hi                                           (abs)        00000
___heap_lo                                           (abs)        00000
___int_sp                                            stack        00000
___int_stack_hi                                      stack        00000
___int_stack_lo                                      stack        00000
___latbits                                           (abs)        00003
___lwdiv                                             text12       0044A
___lwdiv@counter                                     cstackBANK0  00024
___lwdiv@dividend                                    cstackBANK0  00022
___lwdiv@divisor                                     cstackBANK0  00020
___lwdiv@quotient                                    cstackBANK0  00025
___lwmod                                             text11       004F0
___lwmod@counter                                     cstackCOMMON 00074
___lwmod@dividend                                    cstackBANK0  00022
___lwmod@divisor                                     cstackBANK0  00020
___sp                                                stack        00000
___stack_hi                                          stack        00000
___stack_lo                                          stack        00000
___stackhi                                           (abs)        00000
___stacklo                                           (abs)        00000
___wmul                                              text35       005F4
___wmul@multiplicand                                 cstackBANK0  00022
___wmul@multiplier                                   cstackBANK0  00020
___wmul@product                                      cstackCOMMON 00074
__end_of_CLOCK_Initialize                            text33       00FD2
__end_of_EUSART1_DefaultFramingErrorCallback         text53       00F7F
__end_of_EUSART1_DefaultOverrunErrorCallback         text51       00F97
__end_of_EUSART1_Enable                              text41       00F83
__end_of_EUSART1_FramingErrorCallbackRegister        text32       00FF4
__end_of_EUSART1_Initialize                          text30       004F0
__end_of_EUSART1_IsTxReady                           text15       00FBF
__end_of_EUSART1_OverrunErrorCallbackRegister        text31       01000
__end_of_EUSART1_Read                                text50       006BD
__end_of_EUSART1_ReceiveEnable                       text40       00F86
__end_of_EUSART1_ReceiveISR                          text47       0044A
__end_of_EUSART1_RxCompleteCallbackRegister          text39       00FE8
__end_of_EUSART1_TransmitEnable                      text38       00F89
__end_of_EUSART1_TransmitISR                         text46       006A3
__end_of_EUSART1_Write                               text14       005F4
__end_of_EUSART2_DefaultFramingErrorCallback         text54       00F7E
__end_of_EUSART2_DefaultOverrunErrorCallback         text52       00F93
__end_of_EUSART2_Enable                              text37       00F8C
__end_of_EUSART2_FramingErrorCallbackRegister        text29       007F7
__end_of_EUSART2_Initialize                          text27       00650
__end_of_EUSART2_IsTxReady                           text19       007B4
__end_of_EUSART2_OverrunErrorCallbackRegister        text28       007EB
__end_of_EUSART2_TransmitEnable                      text36       00F8F
__end_of_EUSART2_Write                               text18       00F9F
__end_of_Error_Handler                               text5        007DF
__end_of_INTERRUPT_Initialize                        text25       00FDC
__end_of_INTERRUPT_InterruptManager                  intentry     00037
__end_of_INT_SetInterruptHandler                     text26       00FAB
__end_of_PIN_MANAGER_Initialize                      text24       003F1
__end_of_SPI1_BufferExchange                         text4        005D4
__end_of_SPI1_Client                                 stringtext3  0066C
__end_of_SPI1_Initialize                             text23       00FC8
__end_of_SPI1_Open                                   text34       00337
__end_of_SPI_Read                                    text3        005B2
__end_of_SYSTEM_Initialize                           text21       00702
__end_of_TMR0_DefaultCallback                        text44       00F80
__end_of_TMR0_ISR                                    text43       007C3
__end_of_TMR0_Initialize                             text22       00738
__end_of_TMR0_PeriodMatchCallbackRegister            text20       00FB1
__end_of_UART1                                       stringtext1  00553
__end_of_UART2                                       stringtext2  00583
__end_of_UART2_SendChar                              text17       007A5
__end_of_UART2_SendString                            text16       006D6
__end_of_UART_SendChar                               text13       00749
__end_of___lwdiv                                     text12       00485
__end_of___lwmod                                     text11       00523
__end_of___wmul                                      text35       00614
__end_of__initialization                             cinit        0005D
__end_of_fputc                                       text9        00395
__end_of_main                                        maintext     002C7
__end_of_printf                                      text6        00769
__end_of_putch                                       text10       00796
__end_of_read_temperature                            text2        00800
__end_of_reset_counter                               text49       00F9B
__end_of_spi1_configuration                          stringtext4  01015
__end_of_test1                                       text1        004BB
__end_of_ticker                                      text45       00FA5
__end_of_uart1_handler                               text48       00688
__end_of_vfpfcnvrt                                   text8        001C5
__end_of_vfprintf                                    text7        00633
__initialization                                     cinit        00039
__pbssBANK0                                          bssBANK0     0005A
__pbssBANK1                                          bssBANK1     000A0
__pbssBANK2                                          bssBANK2     00120
__pbssCOMMON                                         bssCOMMON    00076
__pcstackBANK0                                       cstackBANK0  00020
__pcstackBANK1                                       cstackBANK1  000DC
__pcstackCOMMON                                      cstackCOMMON 00070
__pdataBANK0                                         dataBANK0    0006E
__pidataBANK0                                        idataBANK0   00002
__pintentry                                          intentry     00004
__pmaintext                                          maintext     001C5
__pnvBANK1                                           nvBANK1      000D6
__pstringtext1                                       stringtext1  00523
__pstringtext10                                      stringtext10 00778
__pstringtext11                                      stringtext11 007C3
__pstringtext12                                      stringtext12 01000
__pstringtext13                                      stringtext13 00000
__pstringtext2                                       stringtext2  00553
__pstringtext3                                       stringtext3  00650
__pstringtext4                                       stringtext4  0100B
__pstringtext5                                       stringtext5  006D6
__pstringtext6                                       stringtext6  00702
__pstringtext7                                       stringtext7  00714
__pstringtext8                                       stringtext8  00749
__pstringtext9                                       stringtext9  00769
__ptext1                                             text1        00485
__ptext10                                            text10       00787
__ptext11                                            text11       004F0
__ptext12                                            text12       0044A
__ptext13                                            text13       00738
__ptext14                                            text14       005D4
__ptext15                                            text15       00FB7
__ptext16                                            text16       006BD
__ptext17                                            text17       00796
__ptext18                                            text18       00F9B
__ptext19                                            text19       007A5
__ptext2                                             text2        007F7
__ptext20                                            text20       00FAB
__ptext21                                            text21       006EC
__ptext22                                            text22       00726
__ptext23                                            text23       00FBF
__ptext24                                            text24       00395
__ptext25                                            text25       00FD2
__ptext26                                            text26       00FA5
__ptext27                                            text27       00633
__ptext28                                            text28       007DF
__ptext29                                            text29       007EB
__ptext3                                             text3        00583
__ptext30                                            text30       004BB
__ptext31                                            text31       00FF4
__ptext32                                            text32       00FE8
__ptext33                                            text33       00FC8
__ptext34                                            text34       002C7
__ptext35                                            text35       005F4
__ptext36                                            text36       00F8C
__ptext37                                            text37       00F89
__ptext38                                            text38       00F86
__ptext39                                            text39       00FDC
__ptext4                                             text4        005B2
__ptext40                                            text40       00F83
__ptext41                                            text41       00F80
__ptext43                                            text43       007B4
__ptext44                                            text44       00F7F
__ptext45                                            text45       00F9F
__ptext46                                            text46       00688
__ptext47                                            text47       003F1
__ptext48                                            text48       0066C
__ptext49                                            text49       00F97
__ptext5                                             text5        007D1
__ptext50                                            text50       006A3
__ptext51                                            text51       00F93
__ptext52                                            text52       00F8F
__ptext53                                            text53       00F7E
__ptext54                                            text54       00F7D
__ptext6                                             text6        00759
__ptext7                                             text7        00614
__ptext8                                             text8        00061
__ptext9                                             text9        00337
_data_ptr                                            bssBANK0     00061
_dbuf                                                bssBANK2     00120
_eusart1RxBuffer                                     bssBANK1     000B0
_eusart1RxCount                                      bssBANK0     0006C
_eusart1RxHead                                       bssCOMMON    00077
_eusart1RxLastError                                  bssBANK1     000D2
_eusart1RxStatusBuffer                               bssBANK1     000A0
_eusart1RxTail                                       bssCOMMON    00076
_eusart1TxBuffer                                     bssBANK1     000B8
_eusart1TxBufferRemaining                            bssCOMMON    00078
_eusart1TxHead                                       bssCOMMON    00079
_eusart1TxTail                                       bssBANK0     0006D
_eusart2RxLastError                                  bssBANK1     000D4
_flags                                               bssBANK0     00060
_fputc                                               text9        00337
_high_byte_spi                                       bssBANK0     00063
_low_byte_spi                                        bssBANK0     00062
_main                                                maintext     001C5
_prec                                                bssBANK1     000C2
_printf                                              text6        00759
_putch                                               text10       00787
_read_temperature                                    text2        007F7
_reset_counter                                       text49       00F97
_spi1_configuration                                  stringtext4  0100B
_test1                                               text1        00485
_tick_counter                                        bssBANK1     000C8
_ticker                                              text45       00F9F
_uart1_handler                                       text48       0066C
_vfpfcnvrt                                           text8        00061
_vfprintf                                            text7        00614
_width                                               bssBANK1     000C0
btemp                                                (abs)        0007E
clear_ram0                                           clrtext      00FB1
end_of_initialization                                cinit        0005D
fputc@c                                              cstackBANK0  00020
fputc@fp                                             cstackBANK0  00022
int$flags                                            (abs)        0007E
intlevel0                                            functab      00000
intlevel1                                            functab      00000
intlevel2                                            functab      00000
intlevel3                                            functab      00000
intlevel4                                            functab      00000
intlevel5                                            functab      00000
main@data_ptr                                        cstackBANK1  000DD
main@detect_high_cs                                  cstackBANK1  000DC
main@temperature                                     cstackBANK1  000DE
printf@ap                                            cstackBANK0  00048
printf@fmt                                           cstackBANK0  00044
putch@txData                                         cstackCOMMON 00075
reset_vec                                            reset_vec    00000
start                                                init         00037
start_initialization                                 cinit        00039
test1@i                                              cstackBANK0  00022
test1@loop                                           cstackCOMMON 00074
vfpfcnvrt@ap                                         cstackBANK0  0002C
vfpfcnvrt@c                                          cstackBANK0  0003B
vfpfcnvrt@convarg                                    cstackBANK0  00037
vfpfcnvrt@cp                                         cstackBANK0  00035
vfpfcnvrt@cp_2249                                    cstackBANK0  00033
vfpfcnvrt@done                                       cstackBANK0  00032
vfpfcnvrt@fmt                                        cstackBANK0  0002B
vfpfcnvrt@fp                                         cstackBANK0  00029
vfprintf@ap                                          cstackBANK0  00040
vfprintf@cfmt                                        cstackBANK0  00042
vfprintf@fmt                                         cstackBANK0  0003E
vfprintf@fp                                          cstackBANK0  0003C
wtemp0                                               (abs)        0007E


MODULE INFORMATION

Module		Function		Class		Link	Load	Size
C:\Program Files\Microchip\xc8\v2.50\pic\sources\c99\common\Umul16.c
		___wmul        		CODE           	05F4	0000	32

C:\Program Files\Microchip\xc8\v2.50\pic\sources\c99\common\Umul16.c estimated size: 32

mcc_generated_files/spi/src/mssp1.c
		_SPI1_BufferExchange		CODE           	05B2	0000	34
		_SPI1_Open     		CODE           	02C7	0000	112
		_SPI1_Initialize		CODE           	0FBF	0000	9

mcc_generated_files/spi/src/mssp1.c estimated size: 155

C:\Program Files\Microchip\xc8\v2.50\pic\sources\c99\common\printf.c
		_printf        		CODE           	0759	0000	16

C:\Program Files\Microchip\xc8\v2.50\pic\sources\c99\common\printf.c estimated size: 16

C:\Program Files\Microchip\xc8\v2.50\pic\sources\c99\common\lwmod.c
		___lwmod       		CODE           	04F0	0000	51

C:\Program Files\Microchip\xc8\v2.50\pic\sources\c99\common\lwmod.c estimated size: 51

mcc_generated_files/system/src/interrupt.c
		_INT_SetInterruptHandler		CODE           	0FA5	0000	6
		_INTERRUPT_Initialize		CODE           	0FD2	0000	10
		_INTERRUPT_InterruptManager		CODE           	0004	0000	51

mcc_generated_files/system/src/interrupt.c estimated size: 67

mcc_generated_files/uart/src/eusart2.c
		_putch         		CODE           	0787	0000	15
		_EUSART2_Write 		CODE           	0F9B	0000	4
		_EUSART2_TransmitEnable		CODE           	0F8C	0000	3
		_EUSART2_Enable		CODE           	0F89	0000	3
		_EUSART2_FramingErrorCallbackRegister		CODE           	07EB	0000	12
		_EUSART2_IsTxReady		CODE           	07A5	0000	15
		_EUSART2_OverrunErrorCallbackRegister		CODE           	07DF	0000	12
		_EUSART2_DefaultOverrunErrorCallback		CODE           	0F8F	0000	4
		_EUSART2_Initialize		CODE           	0633	0000	29
		_EUSART2_DefaultFramingErrorCallback		CODE           	0F7D	0000	1

mcc_generated_files/uart/src/eusart2.c estimated size: 98

mcc_generated_files/system/src/pins.c
		_PIN_MANAGER_Initialize		CODE           	0395	0000	92

mcc_generated_files/system/src/pins.c estimated size: 92

C:\Program Files\Microchip\xc8\v2.50\pic\sources\c99\common\nf_fputc.c
		_fputc         		CODE           	0337	0000	94

C:\Program Files\Microchip\xc8\v2.50\pic\sources\c99\common\nf_fputc.c estimated size: 94

shared
		__initialization		CODE           	0039	0000	36
		_UART1         		STRCODE        	0000	0000	0
		_UART2         		STRCODE        	0000	0000	0
		_SPI1_Client   		STRCODE        	0000	0000	0
		_spi1_configuration		STRCODE        	100B	0000	10

shared estimated size: 46

C:\Program Files\Microchip\xc8\v2.50\pic\sources\c99\common\lwdiv.c
		___lwdiv       		CODE           	044A	0000	59

C:\Program Files\Microchip\xc8\v2.50\pic\sources\c99\common\lwdiv.c estimated size: 59

C:\Program Files\Microchip\xc8\v2.50\pic\sources\c99\common\doprnt.c
		_vfpfcnvrt     		CODE           	0061	0000	356
		_vfprintf      		CODE           	0614	0000	31

C:\Program Files\Microchip\xc8\v2.50\pic\sources\c99\common\doprnt.c estimated size: 387

mcc_generated_files/system/src/clock.c
		_CLOCK_Initialize		CODE           	0FC8	0000	10

mcc_generated_files/system/src/clock.c estimated size: 10

mcc_generated_files/timer/src/tmr0.c
		_TMR0_DefaultCallback		CODE           	0F7F	0000	1
		_TMR0_ISR      		CODE           	07B4	0000	15
		_TMR0_Initialize		CODE           	0726	0000	18
		_TMR0_PeriodMatchCallbackRegister		CODE           	0FAB	0000	6

mcc_generated_files/timer/src/tmr0.c estimated size: 40

main.c
		_uart1_handler 		CODE           	066C	0000	28
		_read_temperature		CODE           	07F7	0000	9
		_main          		CODE           	01C5	0000	258
		_SPI_Read      		CODE           	0583	0000	47
		_ticker        		CODE           	0F9F	0000	6
		_UART_SendChar 		CODE           	0738	0000	17
		_UART2_SendString		CODE           	06BD	0000	25
		_Error_Handler 		CODE           	07D1	0000	14
		_UART2_SendChar		CODE           	0796	0000	15
		_test1         		CODE           	0485	0000	54
		_reset_counter 		CODE           	0F97	0000	4

main.c estimated size: 477

mcc_generated_files/uart/src/eusart1.c
		_EUSART1_Initialize		CODE           	04BB	0000	53
		_EUSART1_ReceiveISR		CODE           	03F1	0000	89
		_EUSART1_RxCompleteCallbackRegister		CODE           	0FDC	0000	12
		_EUSART1_DefaultFramingErrorCallback		CODE           	0F7E	0000	1
		_EUSART1_Read  		CODE           	06A3	0000	26
		_EUSART1_ReceiveEnable		CODE           	0F83	0000	3
		_EUSART1_Write 		CODE           	05D4	0000	32
		_EUSART1_TransmitEnable		CODE           	0F86	0000	3
		_EUSART1_Enable		CODE           	0F80	0000	3
		_EUSART1_TransmitISR		CODE           	0688	0000	27
		_EUSART1_FramingErrorCallbackRegister		CODE           	0FE8	0000	12
		_EUSART1_IsTxReady		CODE           	0FB7	0000	8
		_EUSART1_OverrunErrorCallbackRegister		CODE           	0FF4	0000	12
		_EUSART1_DefaultOverrunErrorCallback		CODE           	0F93	0000	4

mcc_generated_files/uart/src/eusart1.c estimated size: 285

mcc_generated_files/system/src/system.c
		_SYSTEM_Initialize		CODE           	06EC	0000	22

mcc_generated_files/system/src/system.c estimated size: 22

